Archive member included to satisfy reference by file (symbol)

/usr/lib/gcc/arm-none-eabi/4.9.3/armv7-m/libgcc.a(_aeabi_uldivmod.o)
                              obj_cc2538dk/strformat.o (__aeabi_uldivmod)
/usr/lib/gcc/arm-none-eabi/4.9.3/armv7-m/libgcc.a(bpabi.o)
                              /usr/lib/gcc/arm-none-eabi/4.9.3/armv7-m/libgcc.a(_aeabi_uldivmod.o) (__gnu_uldivmod_helper)
/usr/lib/gcc/arm-none-eabi/4.9.3/armv7-m/libgcc.a(_dvmd_tls.o)
                              /usr/lib/gcc/arm-none-eabi/4.9.3/armv7-m/libgcc.a(_aeabi_uldivmod.o) (__aeabi_ldiv0)
/usr/lib/gcc/arm-none-eabi/4.9.3/armv7-m/libgcc.a(_divdi3.o)
                              /usr/lib/gcc/arm-none-eabi/4.9.3/armv7-m/libgcc.a(bpabi.o) (__divdi3)
/usr/lib/gcc/arm-none-eabi/4.9.3/armv7-m/libgcc.a(_udivdi3.o)
                              /usr/lib/gcc/arm-none-eabi/4.9.3/armv7-m/libgcc.a(bpabi.o) (__udivdi3)
/usr/lib/gcc/arm-none-eabi/4.9.3/../../../arm-none-eabi/lib/armv7-m/libc.a(lib_a-ctype_.o)
                              obj_cc2538dk/resolv.o (__ctype_ptr__)
/usr/lib/gcc/arm-none-eabi/4.9.3/../../../arm-none-eabi/lib/armv7-m/libc.a(lib_a-memcmp.o)
                              obj_cc2538dk/slip.o (memcmp)
/usr/lib/gcc/arm-none-eabi/4.9.3/../../../arm-none-eabi/lib/armv7-m/libc.a(lib_a-memcpy.o)
                              obj_cc2538dk/slip.o (memcpy)
/usr/lib/gcc/arm-none-eabi/4.9.3/../../../arm-none-eabi/lib/armv7-m/libc.a(lib_a-memmove.o)
                              obj_cc2538dk/mmem.o (memmove)
/usr/lib/gcc/arm-none-eabi/4.9.3/../../../arm-none-eabi/lib/armv7-m/libc.a(lib_a-memset.o)
                              obj_cc2538dk/gpio.o (memset)
/usr/lib/gcc/arm-none-eabi/4.9.3/../../../arm-none-eabi/lib/armv7-m/libc.a(lib_a-reent.o)
                              obj_cc2538dk/syscalls.o (errno)
/usr/lib/gcc/arm-none-eabi/4.9.3/../../../arm-none-eabi/lib/armv7-m/libc.a(lib_a-strcasecmp.o)
                              obj_cc2538dk/resolv.o (strcasecmp)
/usr/lib/gcc/arm-none-eabi/4.9.3/../../../arm-none-eabi/lib/armv7-m/libc.a(lib_a-strcat.o)
                              obj_cc2538dk/resolv.o (strcat)
/usr/lib/gcc/arm-none-eabi/4.9.3/../../../arm-none-eabi/lib/armv7-m/libc.a(lib_a-strcmp.o)
                              obj_cc2538dk/cfs-coffee.o (strcmp)
/usr/lib/gcc/arm-none-eabi/4.9.3/../../../arm-none-eabi/lib/armv7-m/libc.a(lib_a-strcpy.o)
                              /usr/lib/gcc/arm-none-eabi/4.9.3/../../../arm-none-eabi/lib/armv7-m/libc.a(lib_a-strcat.o) (strcpy)
/usr/lib/gcc/arm-none-eabi/4.9.3/../../../arm-none-eabi/lib/armv7-m/libc.a(lib_a-strlen.o)
                              obj_cc2538dk/sensors.o (strlen)
/usr/lib/gcc/arm-none-eabi/4.9.3/../../../arm-none-eabi/lib/armv7-m/libc.a(lib_a-strncasecmp.o)
                              obj_cc2538dk/resolv.o (strncasecmp)
/usr/lib/gcc/arm-none-eabi/4.9.3/../../../arm-none-eabi/lib/armv7-m/libc.a(lib_a-strncat.o)
                              obj_cc2538dk/resolv.o (strncat)
/usr/lib/gcc/arm-none-eabi/4.9.3/../../../arm-none-eabi/lib/armv7-m/libc.a(lib_a-strncmp.o)
                              obj_cc2538dk/sensors.o (strncmp)
/usr/lib/gcc/arm-none-eabi/4.9.3/../../../arm-none-eabi/lib/armv7-m/libc.a(lib_a-strncpy.o)
                              obj_cc2538dk/cfs-coffee.o (strncpy)
/usr/lib/gcc/arm-none-eabi/4.9.3/../../../arm-none-eabi/lib/armv7-m/libc.a(lib_a-freer.o)
                              /usr/lib/gcc/arm-none-eabi/4.9.3/../../../arm-none-eabi/lib/armv7-m/libc.a(lib_a-reent.o) (_free_r)
/usr/lib/gcc/arm-none-eabi/4.9.3/../../../arm-none-eabi/lib/armv7-m/libc.a(lib_a-impure.o)
                              /usr/lib/gcc/arm-none-eabi/4.9.3/../../../arm-none-eabi/lib/armv7-m/libc.a(lib_a-reent.o) (_impure_ptr)
/usr/lib/gcc/arm-none-eabi/4.9.3/../../../arm-none-eabi/lib/armv7-m/libc.a(lib_a-mallocr.o)
                              /usr/lib/gcc/arm-none-eabi/4.9.3/../../../arm-none-eabi/lib/armv7-m/libc.a(lib_a-freer.o) (__malloc_current_mallinfo)
/usr/lib/gcc/arm-none-eabi/4.9.3/../../../arm-none-eabi/lib/armv7-m/libc.a(lib_a-mlock.o)
                              /usr/lib/gcc/arm-none-eabi/4.9.3/../../../arm-none-eabi/lib/armv7-m/libc.a(lib_a-freer.o) (__malloc_lock)
/usr/lib/gcc/arm-none-eabi/4.9.3/../../../arm-none-eabi/lib/armv7-m/libc.a(lib_a-sbrkr.o)
                              /usr/lib/gcc/arm-none-eabi/4.9.3/../../../arm-none-eabi/lib/armv7-m/libc.a(lib_a-freer.o) (_sbrk_r)

Allocating common symbols
Common symbol       size              file

compower_idle_activity
                    0x8               obj_cc2538dk/compower.o
uip_ds6_timer_ra    0x8               obj_cc2538dk/uip-ds6.o
usb_setup_buffer    0x8               obj_cc2538dk/usb-core.o
uip_ds6_if          0xf8              obj_cc2538dk/uip-ds6.o
resolv_event_found  0x1               obj_cc2538dk/resolv.o
uip_ds6_netif_addr_list_offset
                    0x1               obj_cc2538dk/uip-ds6.o
uip_len             0x2               obj_cc2538dk/uip6.o
[...]
Memory Configuration

Name             Origin             Length             Attributes
FLASH_FW         0x0000000000200000 0x000000000007ffd4 xr
FLASH_CCA        0x000000000027ffd4 0x000000000000002c xr
NRSRAM           0x0000000020000000 0x0000000000000000 xrw
FRSRAM           0x0000000020000000 0x0000000000008000 xrw
*default*        0x0000000000000000 0xffffffffffffffff

Linker script and memory map

LOAD obj_cc2538dk/startup-gcc.o
LOAD obj_cc2538dk/leds.o
LOAD obj_cc2538dk/leds-arch.o
LOAD obj_cc2538dk/contiki-main.o
LOAD obj_cc2538dk/sensors.o
LOAD obj_cc2538dk/smartrf-sensors.o
LOAD obj_cc2538dk/button-sensor.o
LOAD obj_cc2538dk/als-sensor.o
LOAD obj_cc2538dk/clock.o
LOAD obj_cc2538dk/rtimer-arch.o
LOAD obj_cc2538dk/uart.o
LOAD obj_cc2538dk/watchdog.o
LOAD obj_cc2538dk/nvic.o
LOAD obj_cc2538dk/cpu.o
LOAD obj_cc2538dk/sys-ctrl.o
LOAD obj_cc2538dk/gpio.o
LOAD obj_cc2538dk/ioc.o
LOAD obj_cc2538dk/spi.o
LOAD obj_cc2538dk/adc.o
LOAD obj_cc2538dk/crypto.o
LOAD obj_cc2538dk/aes.o
LOAD obj_cc2538dk/ecb.o
LOAD obj_cc2538dk/cbc.o
LOAD obj_cc2538dk/ctr.o
LOAD obj_cc2538dk/cbc-mac.o
LOAD obj_cc2538dk/gcm.o
LOAD obj_cc2538dk/ccm.o
LOAD obj_cc2538dk/sha256.o
LOAD obj_cc2538dk/cc2538-aes-128.o
LOAD obj_cc2538dk/cc2538-ccm-star.o
LOAD obj_cc2538dk/cc2538-rf.o
LOAD obj_cc2538dk/udma.o
LOAD obj_cc2538dk/lpm.o
LOAD obj_cc2538dk/pka.o
LOAD obj_cc2538dk/bignum-driver.o
LOAD obj_cc2538dk/ecc-driver.o
LOAD obj_cc2538dk/ecc-algorithm.o
LOAD obj_cc2538dk/ecc-curve.o
LOAD obj_cc2538dk/dbg.o
LOAD obj_cc2538dk/ieee-addr.o
LOAD obj_cc2538dk/slip-arch.o
LOAD obj_cc2538dk/slip.o
LOAD obj_cc2538dk/i2c.o
LOAD obj_cc2538dk/cc2538-temp-sensor.o
LOAD obj_cc2538dk/vdd3-sensor.o
LOAD obj_cc2538dk/cfs-coffee.o
LOAD obj_cc2538dk/cfs-coffee-arch.o
LOAD obj_cc2538dk/pwm.o
LOAD obj_cc2538dk/dbg-printf.o
LOAD obj_cc2538dk/dbg-snprintf.o
LOAD obj_cc2538dk/dbg-sprintf.o
LOAD obj_cc2538dk/strformat.o
LOAD obj_cc2538dk/usb-core.o
LOAD obj_cc2538dk/cdc-acm.o
LOAD obj_cc2538dk/usb-arch.o
LOAD obj_cc2538dk/usb-serial.o
LOAD obj_cc2538dk/cdc-acm-descriptors.o
LOAD obj_cc2538dk/ctimer.o
LOAD obj_cc2538dk/arg.o
LOAD obj_cc2538dk/autostart.o
LOAD obj_cc2538dk/energest.o
LOAD obj_cc2538dk/etimer.o
LOAD obj_cc2538dk/stimer.o
LOAD obj_cc2538dk/compower.o
LOAD obj_cc2538dk/process.o
LOAD obj_cc2538dk/rtimer.o
LOAD obj_cc2538dk/mt.o
LOAD obj_cc2538dk/procinit.o
LOAD obj_cc2538dk/timer.o
LOAD obj_cc2538dk/serial-line.o
LOAD obj_cc2538dk/nullradio.o
LOAD obj_cc2538dk/settings.o
LOAD obj_cc2538dk/crc16.o
LOAD obj_cc2538dk/mmem.o
LOAD obj_cc2538dk/trickle-timer.o
LOAD obj_cc2538dk/ifft.o
LOAD obj_cc2538dk/me_tabs.o
LOAD obj_cc2538dk/ringbufindex.o
LOAD obj_cc2538dk/ccm-star.o
LOAD obj_cc2538dk/list.o
LOAD obj_cc2538dk/gcr.o
LOAD obj_cc2538dk/aes-128.o
LOAD obj_cc2538dk/print-stats.o
LOAD obj_cc2538dk/memb.o
LOAD obj_cc2538dk/me.o
LOAD obj_cc2538dk/petsciiconv.o
LOAD obj_cc2538dk/random.o
LOAD obj_cc2538dk/assert.o
LOAD obj_cc2538dk/ringbuf.o
LOAD obj_cc2538dk/uip-icmp6.o
LOAD obj_cc2538dk/uip-ds6.o
LOAD obj_cc2538dk/uip-ds6-route.o
LOAD obj_cc2538dk/uip6.o
LOAD obj_cc2538dk/uip-ds6-nbr.o
LOAD obj_cc2538dk/uip-nd6.o
LOAD obj_cc2538dk/sicslowpan.o
LOAD obj_cc2538dk/slipdev.o
LOAD obj_cc2538dk/dhcpc.o
LOAD obj_cc2538dk/uip-packetqueue.o
LOAD obj_cc2538dk/tcp-socket.o
LOAD obj_cc2538dk/ip64-addr.o
LOAD obj_cc2538dk/uip-udp-packet.o
LOAD obj_cc2538dk/psock.o
LOAD obj_cc2538dk/tcpip.o
LOAD obj_cc2538dk/resolv.o
LOAD obj_cc2538dk/uip-nameserver.o
LOAD obj_cc2538dk/uip-split.o
LOAD obj_cc2538dk/udp-socket.o
LOAD obj_cc2538dk/simple-udp.o
LOAD obj_cc2538dk/uiplib.o
LOAD obj_cc2538dk/uip-debug.o
LOAD obj_cc2538dk/rpl-icmp6.o
LOAD obj_cc2538dk/rpl-of0.o
LOAD obj_cc2538dk/rpl-dag.o
LOAD obj_cc2538dk/rpl-timers.o
LOAD obj_cc2538dk/rpl-ext-header.o
LOAD obj_cc2538dk/rpl.o
LOAD obj_cc2538dk/rpl-mrhof.o
LOAD obj_cc2538dk/rpl-dag-root.o
LOAD obj_cc2538dk/syscalls.o
LOAD obj_cc2538dk/queuebuf.o
LOAD obj_cc2538dk/nbr-table.o
LOAD obj_cc2538dk/packetbuf.o
LOAD obj_cc2538dk/netstack.o
LOAD obj_cc2538dk/linkaddr.o
LOAD obj_cc2538dk/nullmac.o
LOAD obj_cc2538dk/nullrdc-noframer.o
LOAD obj_cc2538dk/frame802154e-ie.o
LOAD obj_cc2538dk/mac-sequence.o
LOAD obj_cc2538dk/nordc.o
LOAD obj_cc2538dk/csma.o
LOAD obj_cc2538dk/frame802154.o
LOAD obj_cc2538dk/mac.o
LOAD obj_cc2538dk/framer-802154.o
LOAD obj_cc2538dk/framer-nullmac.o
LOAD obj_cc2538dk/phase.o
LOAD obj_cc2538dk/nullrdc.o
LOAD obj_cc2538dk/contikimac.o
LOAD obj_cc2538dk/contikimac-framer.o
LOAD obj_cc2538dk/nullsec.o
LOAD obj_cc2538dk/anti-replay.o
LOAD obj_cc2538dk/ccm-star-packetbuf.o
LOAD obj_cc2538dk/noncoresec.o
LOAD robot_driver.co
START GROUP
LOAD /usr/lib/gcc/arm-none-eabi/4.9.3/armv7-m/libgcc.a
LOAD /usr/lib/gcc/arm-none-eabi/4.9.3/../../../arm-none-eabi/lib/armv7-m/libc.a
END GROUP

.text           0x0000000000200000     0xa0ae
                0x0000000000200000                _text = .
 *(SORT(.vectors))
 .vectors       0x0000000000200000      0x28c obj_cc2538dk/startup-gcc.o
                0x0000000000200000                vectors
 *(SORT(.text*))
 .text.reset_handler
                0x000000000020028c       0x40 obj_cc2538dk/startup-gcc.o
                0x000000000020028c                reset_handler
 .text.leds_init
                0x00000000002002cc       0x14 obj_cc2538dk/leds.o
                0x00000000002002cc                leds_init
 .text.leds_on  0x00000000002002e0       0x10 obj_cc2538dk/leds.o
                0x00000000002002e0                leds_on
 .text.leds_off
                0x00000000002002f0       0x14 obj_cc2538dk/leds.o
                0x00000000002002f0                leds_off
 .text.leds_arch_init
                0x0000000000200304       0x10 obj_cc2538dk/leds-arch.o
                0x0000000000200304                leds_arch_init
 .text.leds_arch_set
                0x0000000000200314        0xc obj_cc2538dk/leds-arch.o
                0x0000000000200314                leds_arch_set
 .text.startup.main
                0x0000000000200320      0x10c obj_cc2538dk/contiki-main.o
                0x0000000000200320                main
 .text.process_thread_sensors_process
                0x000000000020042c       0xd4 obj_cc2538dk/sensors.o
 .text.sensors_changed
                0x0000000000200500       0x38 obj_cc2538dk/sensors.o
                0x0000000000200500                sensors_changed
 .text.config_select
                0x0000000000200538       0x30 obj_cc2538dk/button-sensor.o
 .text.config_left
                0x0000000000200568       0x30 obj_cc2538dk/button-sensor.o
 .text.config_right
                0x0000000000200598       0x30 obj_cc2538dk/button-sensor.o
 .text.config_up
                0x00000000002005c8       0x30 obj_cc2538dk/button-sensor.o
 .text.config_down
                0x00000000002005f8       0x30 obj_cc2538dk/button-sensor.o
 .text.btn_callback
                0x0000000000200628       0x64 obj_cc2538dk/button-sensor.o
 .text.button_sensor_init
                0x000000000020068c        0xc obj_cc2538dk/button-sensor.o
                0x000000000020068c                button_sensor_init
 .text.value    0x0000000000200698       0x24 obj_cc2538dk/als-sensor.o
 .text.configure
                0x00000000002006bc       0x54 obj_cc2538dk/als-sensor.o
 .text.update_ticks
                0x0000000000200710       0x4c obj_cc2538dk/clock.o
 .text.clock_init
                0x000000000020075c       0x50 obj_cc2538dk/clock.o
                0x000000000020075c                clock_init
 .text.clock_time
                0x00000000002007ac       0x14 obj_cc2538dk/clock.o
                0x00000000002007ac                clock_time
 .text.clock_seconds
                0x00000000002007c0       0x14 obj_cc2538dk/clock.o
                0x00000000002007c0                clock_seconds
 .text.clock_delay_usec
                0x00000000002007d4       0x1c obj_cc2538dk/clock.o
                0x00000000002007d4                clock_delay_usec
 .text.clock_adjust
                0x00000000002007f0       0x20 obj_cc2538dk/clock.o
                0x00000000002007f0                clock_adjust
 .text.rtimer_arch_next_trigger
                0x0000000000200810        0xc obj_cc2538dk/rtimer-arch.o
                0x0000000000200810                rtimer_arch_next_trigger
 .text.rtimer_arch_now
                0x000000000020081c       0x2c obj_cc2538dk/rtimer-arch.o
                0x000000000020081c                rtimer_arch_now
 .text.rtimer_arch_schedule
                0x0000000000200848       0x58 obj_cc2538dk/rtimer-arch.o
                0x0000000000200848                rtimer_arch_schedule
 .text.rtimer_isr
                0x00000000002008a0       0x24 obj_cc2538dk/rtimer-arch.o
                0x00000000002008a0                rtimer_isr
 .text.uart_write_byte
                0x00000000002008c4       0x1c obj_cc2538dk/uart.o
                0x00000000002008c4                uart_write_byte
 .text.watchdog_init
                0x00000000002008e0        0xc obj_cc2538dk/watchdog.o
                0x00000000002008e0                watchdog_init
 .text.watchdog_start
                0x00000000002008ec        0xc obj_cc2538dk/watchdog.o
                0x00000000002008ec                watchdog_start
 .text.watchdog_periodic
                0x00000000002008f8       0x10 obj_cc2538dk/watchdog.o
                0x00000000002008f8                watchdog_periodic
 .text.nvic_init
                0x0000000000200908       0x3c obj_cc2538dk/nvic.o
                0x0000000000200908                nvic_init
 .text.nvic_interrupt_enable
                0x0000000000200944       0x18 obj_cc2538dk/nvic.o
                0x0000000000200944                nvic_interrupt_enable
 .text.nvic_interrupt_disable
                0x000000000020095c       0x18 obj_cc2538dk/nvic.o
                0x000000000020095c                nvic_interrupt_disable
 .text.nvic_interrupt_unpend
                0x0000000000200974       0x18 obj_cc2538dk/nvic.o
                0x0000000000200974                nvic_interrupt_unpend
 .text.sys_ctrl_init
                0x000000000020098c       0x28 obj_cc2538dk/sys-ctrl.o
                0x000000000020098c                sys_ctrl_init
 .text.sys_ctrl_get_sys_clock
                0x00000000002009b4       0x18 obj_cc2538dk/sys-ctrl.o
                0x00000000002009b4                sys_ctrl_get_sys_clock
 .text.gpio_register_callback
                0x00000000002009cc       0x10 obj_cc2538dk/gpio.o
                0x00000000002009cc                gpio_register_callback
 .text.notify   0x00000000002009dc       0x30 obj_cc2538dk/gpio.o
                0x00000000002009dc                notify
 .text.gpio_port_isr
                0x0000000000200a0c       0x50 obj_cc2538dk/gpio.o
 .text.gpio_init
                0x0000000000200a5c       0x10 obj_cc2538dk/gpio.o
                0x0000000000200a5c                gpio_init
 .text.ioc_init
                0x0000000000200a6c       0x1c obj_cc2538dk/ioc.o
                0x0000000000200a6c                ioc_init
 .text.ioc_set_over
                0x0000000000200a88       0x14 obj_cc2538dk/ioc.o
                0x0000000000200a88                ioc_set_over
 .text.ioc_set_sel
                0x0000000000200a9c       0x14 obj_cc2538dk/ioc.o
                0x0000000000200a9c                ioc_set_sel
 .text.adc_init
                0x0000000000200ab0       0x10 obj_cc2538dk/adc.o
                0x0000000000200ab0                adc_init
 .text.adc_get  0x0000000000200ac0       0x78 obj_cc2538dk/adc.o
                0x0000000000200ac0                adc_get
 .text.permit_pm1
                0x0000000000200b38       0x10 obj_cc2538dk/crypto.o
 .text.crypto_isr
                0x0000000000200b48       0x24 obj_cc2538dk/crypto.o
                0x0000000000200b48                crypto_isr
 .text.crypto_enable
                0x0000000000200b6c       0x20 obj_cc2538dk/crypto.o
                0x0000000000200b6c                crypto_enable
 .text.crypto_init
                0x0000000000200b8c       0x3c obj_cc2538dk/crypto.o
                0x0000000000200b8c                crypto_init
 .text.crypto_disable
                0x0000000000200bc8       0x20 obj_cc2538dk/crypto.o
                0x0000000000200bc8                crypto_disable
 .text.on       0x0000000000200be8       0x2c obj_cc2538dk/cc2538-rf.o
 .text.off      0x0000000000200c14       0x38 obj_cc2538dk/cc2538-rf.o
 .text.set_channel
                0x0000000000200c4c       0x48 obj_cc2538dk/cc2538-rf.o
 .text.channel_clear
                0x0000000000200c94       0x3c obj_cc2538dk/cc2538-rf.o
 .text.receiving_packet
                0x0000000000200cd0       0x18 obj_cc2538dk/cc2538-rf.o
 .text.pending_packet
                0x0000000000200ce8       0x10 obj_cc2538dk/cc2538-rf.o
 .text.get_value
                0x0000000000200cf8      0x11c obj_cc2538dk/cc2538-rf.o
 .text.prepare  0x0000000000200e14       0x64 obj_cc2538dk/cc2538-rf.o
 .text.transmit
                0x0000000000200e78       0x8c obj_cc2538dk/cc2538-rf.o
 .text.set_frame_filtering
                0x0000000000200f04       0x18 obj_cc2538dk/cc2538-rf.o
 .text.set_value
                0x0000000000200f1c       0xd4 obj_cc2538dk/cc2538-rf.o
 .text.get_object
                0x0000000000200ff0       0x30 obj_cc2538dk/cc2538-rf.o
 .text.set_object
                0x0000000000201020       0x30 obj_cc2538dk/cc2538-rf.o
 .text.read     0x0000000000201050       0xc4 obj_cc2538dk/cc2538-rf.o
 .text.init     0x0000000000201114       0xcc obj_cc2538dk/cc2538-rf.o
 .text.process_thread_cc2538_rf_process
                0x00000000002011e0       0x74 obj_cc2538dk/cc2538-rf.o
 .text.cc2538_rf_rx_tx_isr
                0x0000000000201254       0x18 obj_cc2538dk/cc2538-rf.o
                0x0000000000201254                cc2538_rf_rx_tx_isr
 .text.cc2538_rf_err_isr
                0x000000000020126c       0x28 obj_cc2538dk/cc2538-rf.o
                0x000000000020126c                cc2538_rf_err_isr
 .text.udma_init
                0x0000000000201294       0x30 obj_cc2538dk/udma.o
                0x0000000000201294                udma_init
 .text.udma_set_channel_src
                0x00000000002012c4       0x10 obj_cc2538dk/udma.o
                0x00000000002012c4                udma_set_channel_src
 .text.udma_set_channel_dst
                0x00000000002012d4       0x14 obj_cc2538dk/udma.o
                0x00000000002012d4                udma_set_channel_dst
 .text.udma_set_channel_control_word
                0x00000000002012e8       0x14 obj_cc2538dk/udma.o
                0x00000000002012e8                udma_set_channel_control_word
 .text.udma_channel_enable
                0x00000000002012fc       0x18 obj_cc2538dk/udma.o
                0x00000000002012fc                udma_channel_enable
 .text.udma_channel_mask_set
                0x0000000000201314       0x18 obj_cc2538dk/udma.o
                0x0000000000201314                udma_channel_mask_set
 .text.udma_channel_sw_request
                0x000000000020132c       0x18 obj_cc2538dk/udma.o
                0x000000000020132c                udma_channel_sw_request
 .text.udma_channel_get_mode
                0x0000000000201344       0x1c obj_cc2538dk/udma.o
                0x0000000000201344                udma_channel_get_mode
 .text.udma_isr
                0x0000000000201360       0x10 obj_cc2538dk/udma.o
                0x0000000000201360                udma_isr
 .text.udma_err_isr
                0x0000000000201370        0xc obj_cc2538dk/udma.o
                0x0000000000201370                udma_err_isr
 .text.select_32_mhz_xosc
                0x000000000020137c       0x2c obj_cc2538dk/lpm.o
 .text.lpm_exit
                0x00000000002013a8       0x34 obj_cc2538dk/lpm.o
                0x00000000002013a8                lpm_exit
 .text.lpm_enter
                0x00000000002013dc       0xb0 obj_cc2538dk/lpm.o
                0x00000000002013dc                lpm_enter
 .text.lpm_register_peripheral
                0x000000000020148c       0x20 obj_cc2538dk/lpm.o
                0x000000000020148c                lpm_register_peripheral
 .text.lpm_init
                0x00000000002014ac       0x24 obj_cc2538dk/lpm.o
                0x00000000002014ac                lpm_init
 .text.pka_isr  0x00000000002014d0       0x24 obj_cc2538dk/pka.o
                0x00000000002014d0                pka_isr
 .text.ieee_addr_cpy_to
                0x00000000002014f4       0x74 obj_cc2538dk/ieee-addr.o
                0x00000000002014f4                ieee_addr_cpy_to
 .text.pwm_configured
                0x0000000000201568       0x24 obj_cc2538dk/pwm.o
 .text.permit_pm1
                0x000000000020158c       0x44 obj_cc2538dk/pwm.o
 .text.pwm_enable
                0x00000000002015d0      0x104 obj_cc2538dk/pwm.o
                0x00000000002015d0                pwm_enable
 .text.pwm_start
                0x00000000002016d4       0x7c obj_cc2538dk/pwm.o
                0x00000000002016d4                pwm_start
 .text.printf   0x0000000000201750       0x20 obj_cc2538dk/dbg-printf.o
                0x0000000000201750                printf
 .text.fill_space
                0x0000000000201770       0x34 obj_cc2538dk/strformat.o
 .text.format_str_v
                0x00000000002017a4      0x6e8 obj_cc2538dk/strformat.o
                0x00000000002017a4                format_str_v
 .text.process_thread_ctimer_process
                0x0000000000201e8c       0x80 obj_cc2538dk/ctimer.o
 .text.ctimer_init
                0x0000000000201f0c       0x28 obj_cc2538dk/ctimer.o
                0x0000000000201f0c                ctimer_init
 .text.ctimer_set_with_process
                0x0000000000201f34       0x44 obj_cc2538dk/ctimer.o
                0x0000000000201f34                ctimer_set_with_process
 .text.ctimer_set
                0x0000000000201f78       0x14 obj_cc2538dk/ctimer.o
                0x0000000000201f78                ctimer_set
 .text.ctimer_reset
                0x0000000000201f8c       0x38 obj_cc2538dk/ctimer.o
                0x0000000000201f8c                ctimer_reset
 .text.ctimer_stop
                0x0000000000201fc4       0x2c obj_cc2538dk/ctimer.o
                0x0000000000201fc4                ctimer_stop
 .text.update_time
                0x0000000000201ff0       0x44 obj_cc2538dk/etimer.o
 .text.etimer_request_poll
                0x0000000000202034        0xc obj_cc2538dk/etimer.o
                0x0000000000202034                etimer_request_poll
 .text.process_thread_etimer_process
                0x0000000000202040       0x94 obj_cc2538dk/etimer.o
 .text.add_timer
                0x00000000002020d4       0x40 obj_cc2538dk/etimer.o
 .text.etimer_pending
                0x0000000000202114       0x10 obj_cc2538dk/etimer.o
                0x0000000000202114                etimer_pending
 .text.etimer_stop
                0x0000000000202124       0x34 obj_cc2538dk/etimer.o
                0x0000000000202124                etimer_stop
 .text.stimer_expired
                0x0000000000202158       0x20 obj_cc2538dk/stimer.o
                0x0000000000202158                stimer_expired
 .text.call_process.part.0
                0x0000000000202178       0x38 obj_cc2538dk/process.o
 .text.exit_process
                0x00000000002021b0       0x80 obj_cc2538dk/process.o
 .text.do_poll  0x0000000000202230       0x30 obj_cc2538dk/process.o
 .text.process_alloc_event
                0x0000000000202260       0x10 obj_cc2538dk/process.o
                0x0000000000202260                process_alloc_event
 .text.process_init
                0x0000000000202270       0x30 obj_cc2538dk/process.o
                0x0000000000202270                process_init
 .text.process_run
                0x00000000002022a0       0xb0 obj_cc2538dk/process.o
                0x00000000002022a0                process_run
 .text.process_nevents
                0x0000000000202350       0x14 obj_cc2538dk/process.o
                0x0000000000202350                process_nevents
 .text.process_post
                0x0000000000202364       0x44 obj_cc2538dk/process.o
                0x0000000000202364                process_post
 .text.process_post_synch
                0x00000000002023a8       0x14 obj_cc2538dk/process.o
                0x00000000002023a8                process_post_synch
 .text.process_start
                0x00000000002023bc       0x30 obj_cc2538dk/process.o
                0x00000000002023bc                process_start
 .text.process_poll
                0x00000000002023ec       0x18 obj_cc2538dk/process.o
                0x00000000002023ec                process_poll
 .text.rtimer_set
                0x0000000000202404       0x24 obj_cc2538dk/rtimer.o
                0x0000000000202404                rtimer_set
 .text.rtimer_run_next
                0x0000000000202428       0x28 obj_cc2538dk/rtimer.o
                0x0000000000202428                rtimer_run_next
 .text.process_thread_serial_line_process
                0x0000000000202450       0x98 obj_cc2538dk/serial-line.o
 .text.serial_line_init
                0x00000000002024e8       0x24 obj_cc2538dk/serial-line.o
                0x00000000002024e8                serial_line_init
 .text.random_rand
                0x000000000020250c       0x20 obj_cc2538dk/random.o
                0x000000000020250c                random_rand
 .text.random_init
                0x000000000020252c       0x78 obj_cc2538dk/random.o
                0x000000000020252c                random_init
 .text.echo_reply_input
                0x00000000002025a4       0xe8 obj_cc2538dk/uip-icmp6.o
 .text.echo_request_input
                0x000000000020268c      0x100 obj_cc2538dk/uip-icmp6.o
 .text.uip_icmp6_input
                0x000000000020278c       0x38 obj_cc2538dk/uip-icmp6.o
                0x000000000020278c                uip_icmp6_input
 .text.uip_icmp6_register_input_handler
                0x00000000002027c4        0xc obj_cc2538dk/uip-icmp6.o
                0x00000000002027c4                uip_icmp6_register_input_handler
 .text.uip_icmp6_error_output
                0x00000000002027d0      0x14c obj_cc2538dk/uip-icmp6.o
                0x00000000002027d0                uip_icmp6_error_output
 .text.uip_icmp6_send
                0x000000000020291c       0x8c obj_cc2538dk/uip-icmp6.o
                0x000000000020291c                uip_icmp6_send
 .text.uip_icmp6_init
                0x00000000002029a8       0x1c obj_cc2538dk/uip-icmp6.o
                0x00000000002029a8                uip_icmp6_init
 .text.uip_ds6_prefix_add
                0x00000000002029c4       0x64 obj_cc2538dk/uip-ds6.o
                0x00000000002029c4                uip_ds6_prefix_add
 .text.uip_ds6_is_addr_onlink
                0x0000000000202a28       0x40 obj_cc2538dk/uip-ds6.o
                0x0000000000202a28                uip_ds6_is_addr_onlink
 .text.uip_ds6_addr_lookup
                0x0000000000202a68       0x2c obj_cc2538dk/uip-ds6.o
                0x0000000000202a68                uip_ds6_addr_lookup
 .text.uip_ds6_get_link_local
                0x0000000000202a94       0x40 obj_cc2538dk/uip-ds6.o
                0x0000000000202a94                uip_ds6_get_link_local
 .text.uip_ds6_maddr_add
                0x0000000000202ad4       0x4c obj_cc2538dk/uip-ds6.o
                0x0000000000202ad4                uip_ds6_maddr_add
 .text.uip_ds6_addr_add
                0x0000000000202b20       0x94 obj_cc2538dk/uip-ds6.o
                0x0000000000202b20                uip_ds6_addr_add
 .text.uip_ds6_maddr_lookup
                0x0000000000202bb4       0x2c obj_cc2538dk/uip-ds6.o
                0x0000000000202bb4                uip_ds6_maddr_lookup
 .text.uip_ds6_addr_rm
                0x0000000000202be0       0x44 obj_cc2538dk/uip-ds6.o
                0x0000000000202be0                uip_ds6_addr_rm
 .text.uip_ds6_periodic
                0x0000000000202c24       0x50 obj_cc2538dk/uip-ds6.o
                0x0000000000202c24                uip_ds6_periodic
 .text.uip_ds6_select_src
                0x0000000000202c74       0x94 obj_cc2538dk/uip-ds6.o
                0x0000000000202c74                uip_ds6_select_src
 .text.uip_ds6_compute_reachable_time
                0x0000000000202d08       0x28 obj_cc2538dk/uip-ds6.o
                0x0000000000202d08                uip_ds6_compute_reachable_time
 .text.uip_ds6_init
                0x0000000000202d30       0xe0 obj_cc2538dk/uip-ds6.o
                0x0000000000202d30                uip_ds6_init
 .text.call_route_callback
                0x0000000000202e10       0x48 obj_cc2538dk/uip-ds6-route.o
 .text.uip_ds6_route_init
                0x0000000000202e58       0x4c obj_cc2538dk/uip-ds6-route.o
                0x0000000000202e58                uip_ds6_route_init
 .text.uip_ds6_route_nexthop
                0x0000000000202ea4       0x20 obj_cc2538dk/uip-ds6-route.o
                0x0000000000202ea4                uip_ds6_route_nexthop
 .text.uip_ds6_route_head
                0x0000000000202ec4        0xc obj_cc2538dk/uip-ds6-route.o
                0x0000000000202ec4                uip_ds6_route_head
 .text.uip_ds6_route_lookup
                0x0000000000202ed0       0x64 obj_cc2538dk/uip-ds6-route.o
                0x0000000000202ed0                uip_ds6_route_lookup
 .text.uip_ds6_route_rm
                0x0000000000202f34       0x9c obj_cc2538dk/uip-ds6-route.o
                0x0000000000202f34                uip_ds6_route_rm
 .text.rm_routelist
                0x0000000000202fd0       0x30 obj_cc2538dk/uip-ds6-route.o
 .text.uip_ds6_route_add
                0x0000000000203000      0x10c obj_cc2538dk/uip-ds6-route.o
                0x0000000000203000                uip_ds6_route_add
 .text.uip_ds6_defrt_rm
                0x000000000020310c       0x44 obj_cc2538dk/uip-ds6-route.o
                0x000000000020310c                uip_ds6_defrt_rm
 .text.uip_ds6_defrt_lookup
                0x0000000000203150       0x2c obj_cc2538dk/uip-ds6-route.o
                0x0000000000203150                uip_ds6_defrt_lookup
 .text.uip_ds6_defrt_add
                0x000000000020317c       0x64 obj_cc2538dk/uip-ds6-route.o
                0x000000000020317c                uip_ds6_defrt_add
 .text.uip_ds6_defrt_choose
                0x00000000002031e0       0x30 obj_cc2538dk/uip-ds6-route.o
                0x00000000002031e0                uip_ds6_defrt_choose
 .text.uip_ds6_defrt_periodic
                0x0000000000203210       0x30 obj_cc2538dk/uip-ds6-route.o
                0x0000000000203210                uip_ds6_defrt_periodic
 .text.upper_layer_chksum
                0x0000000000203240       0x54 obj_cc2538dk/uip6.o
 .text.ext_hdr_options_process
                0x0000000000203294       0xb0 obj_cc2538dk/uip6.o
 .text.uip_add32
                0x0000000000203344       0x54 obj_cc2538dk/uip6.o
                0x0000000000203344                uip_add32
 .text.unlikely.uip_add_rcv_nxt
                0x0000000000203398       0x2c obj_cc2538dk/uip6.o
 .text.uip_init
                0x00000000002033c4       0x6c obj_cc2538dk/uip6.o
                0x00000000002033c4                uip_init
 .text.remove_ext_hdr
                0x0000000000203430       0x5c obj_cc2538dk/uip6.o
                0x0000000000203430                remove_ext_hdr
 .text.uip_unlisten
                0x000000000020348c       0x34 obj_cc2538dk/uip6.o
                0x000000000020348c                uip_unlisten
 .text.uip_process
                0x00000000002034c0      0xe00 obj_cc2538dk/uip6.o
                0x00000000002034c0                uip_process
 .text.uip_ds6_nbr_rm
                0x00000000002042c0       0x20 obj_cc2538dk/uip-ds6-nbr.o
                0x00000000002042c0                uip_ds6_nbr_rm
 .text.uip_ds6_neighbors_init
                0x00000000002042e0       0x14 obj_cc2538dk/uip-ds6-nbr.o
                0x00000000002042e0                uip_ds6_neighbors_init
 .text.uip_ds6_nbr_add
                0x00000000002042f4       0x60 obj_cc2538dk/uip-ds6-nbr.o
                0x00000000002042f4                uip_ds6_nbr_add
 .text.uip_ds6_nbr_get_ll
                0x0000000000204354       0x10 obj_cc2538dk/uip-ds6-nbr.o
                0x0000000000204354                uip_ds6_nbr_get_ll
 .text.uip_ds6_nbr_lookup
                0x0000000000204364       0x38 obj_cc2538dk/uip-ds6-nbr.o
                0x0000000000204364                uip_ds6_nbr_lookup
 .text.uip_ds6_nbr_ll_lookup
                0x000000000020439c       0x10 obj_cc2538dk/uip-ds6-nbr.o
                0x000000000020439c                uip_ds6_nbr_ll_lookup
 .text.uip_ds6_link_neighbor_callback
                0x00000000002043ac       0x2c obj_cc2538dk/uip-ds6-nbr.o
                0x00000000002043ac                uip_ds6_link_neighbor_callback
 .text.uip_ds6_neighbor_periodic
                0x00000000002043d8       0x58 obj_cc2538dk/uip-ds6-nbr.o
                0x00000000002043d8                uip_ds6_neighbor_periodic
 .text.clear_fragments
                0x0000000000204430       0x3c obj_cc2538dk/sicslowpan.o
 .text.sicslowpan_init
                0x000000000020446c       0x24 obj_cc2538dk/sicslowpan.o
                0x000000000020446c                sicslowpan_init
 .text.set_packet_attrs
                0x0000000000204490       0x44 obj_cc2538dk/sicslowpan.o
 .text.compress_addr_64
                0x00000000002044d4       0x90 obj_cc2538dk/sicslowpan.o
 .text.addr_context_lookup_by_prefix
                0x0000000000204564       0x28 obj_cc2538dk/sicslowpan.o
 .text.send_packet
                0x000000000020458c       0x24 obj_cc2538dk/sicslowpan.o
 .text.packet_sent
                0x00000000002045b0       0x28 obj_cc2538dk/sicslowpan.o
 .text.store_fragment
                0x00000000002045d8       0x58 obj_cc2538dk/sicslowpan.o
 .text.uncompress_addr
                0x0000000000204630       0xa4 obj_cc2538dk/sicslowpan.o
 .text.output   0x00000000002046d4      0x6a8 obj_cc2538dk/sicslowpan.o
 .text.add_fragment
                0x0000000000204d7c      0x124 obj_cc2538dk/sicslowpan.o
 .text.input    0x0000000000204ea0      0x5a8 obj_cc2538dk/sicslowpan.o
 .text.start_periodic_tcp_timer
                0x0000000000205448       0x1c obj_cc2538dk/tcpip.o
 .text.tcpip_output
                0x0000000000205464       0x10 obj_cc2538dk/tcpip.o
                0x0000000000205464                tcpip_output
 .text.tcpip_set_outputfunc
                0x0000000000205474        0xc obj_cc2538dk/tcpip.o
                0x0000000000205474                tcpip_set_outputfunc
 .text.tcpip_icmp6_call
                0x0000000000205480       0x28 obj_cc2538dk/tcpip.o
                0x0000000000205480                tcpip_icmp6_call
 .text.tcpip_input
                0x00000000002054a8       0x24 obj_cc2538dk/tcpip.o
                0x00000000002054a8                tcpip_input
 .text.tcpip_ipv6_output
                0x00000000002054cc       0xc0 obj_cc2538dk/tcpip.o
                0x00000000002054cc                tcpip_ipv6_output
 .text.process_thread_tcpip_process
                0x000000000020558c      0x1e0 obj_cc2538dk/tcpip.o
 .text.tcpip_uipcall
                0x000000000020576c       0x7c obj_cc2538dk/tcpip.o
                0x000000000020576c                tcpip_uipcall
 .text.uip_debug_ipaddr_print
                0x00000000002057e8       0xa0 obj_cc2538dk/uip-debug.o
                0x00000000002057e8                uip_debug_ipaddr_print
 .text.dao_ack_input
                0x0000000000205888       0x14 obj_cc2538dk/rpl-icmp6.o
 .text.dio_input
                0x000000000020589c      0x288 obj_cc2538dk/rpl-icmp6.o
 .text.dis_output
                0x0000000000205b24       0x54 obj_cc2538dk/rpl-icmp6.o
                0x0000000000205b24                dis_output
 .text.dio_output
                0x0000000000205b78      0x20c obj_cc2538dk/rpl-icmp6.o
                0x0000000000205b78                dio_output
 .text.dis_input
                0x0000000000205d84       0x3c obj_cc2538dk/rpl-icmp6.o
 .text.dao_output_target
                0x0000000000205dc0       0xe0 obj_cc2538dk/rpl-icmp6.o
                0x0000000000205dc0                dao_output_target
 .text.dao_output
                0x0000000000205ea0       0x64 obj_cc2538dk/rpl-icmp6.o
                0x0000000000205ea0                dao_output
 .text.dao_ack_output
                0x0000000000205f04       0x34 obj_cc2538dk/rpl-icmp6.o
                0x0000000000205f04                dao_ack_output
 .text.dao_input
                0x0000000000205f38      0x1e4 obj_cc2538dk/rpl-icmp6.o
 .text.rpl_icmp6_register_handlers
                0x000000000020611c       0x30 obj_cc2538dk/rpl-icmp6.o
                0x000000000020611c                rpl_icmp6_register_handlers
 .text.rpl_set_preferred_parent
                0x000000000020614c       0x28 obj_cc2538dk/rpl-dag.o
 .text.set_ip_from_prefix
                0x0000000000206174       0x2c obj_cc2538dk/rpl-dag.o
 .text.find_parent_any_dag_any_instance
                0x00000000002061a0       0x1c obj_cc2538dk/rpl-dag.o
 .text.rpl_get_nbr
                0x00000000002061bc       0x28 obj_cc2538dk/rpl-dag.o
                0x00000000002061bc                rpl_get_nbr
 .text.rpl_dag_init
                0x00000000002061e4       0x14 obj_cc2538dk/rpl-dag.o
                0x00000000002061e4                rpl_dag_init
 .text.rpl_get_parent
                0x00000000002061f8       0x10 obj_cc2538dk/rpl-dag.o
                0x00000000002061f8                rpl_get_parent
 .text.rpl_get_parent_ipaddr
                0x0000000000206208       0x18 obj_cc2538dk/rpl-dag.o
                0x0000000000206208                rpl_get_parent_ipaddr
 .text.rpl_alloc_instance
                0x0000000000206220       0x34 obj_cc2538dk/rpl-dag.o
                0x0000000000206220                rpl_alloc_instance
 .text.rpl_add_parent
                0x0000000000206254       0x44 obj_cc2538dk/rpl-dag.o
                0x0000000000206254                rpl_add_parent
 .text.rpl_select_parent
                0x0000000000206298       0x6c obj_cc2538dk/rpl-dag.o
                0x0000000000206298                rpl_select_parent
 .text.rpl_remove_parent
                0x0000000000206304       0x1c obj_cc2538dk/rpl-dag.o
                0x0000000000206304                rpl_remove_parent
 .text.remove_parents.constprop.4
                0x0000000000206320       0x2c obj_cc2538dk/rpl-dag.o
 .text.rpl_get_any_dag
                0x000000000020634c       0x18 obj_cc2538dk/rpl-dag.o
                0x000000000020634c                rpl_get_any_dag
 .text.rpl_get_instance
                0x0000000000206364       0x20 obj_cc2538dk/rpl-dag.o
                0x0000000000206364                rpl_get_instance
 .text.rpl_find_of
                0x0000000000206384       0x14 obj_cc2538dk/rpl-dag.o
                0x0000000000206384                rpl_find_of
 .text.rpl_join_instance
                0x0000000000206398      0x118 obj_cc2538dk/rpl-dag.o
                0x0000000000206398                rpl_join_instance
 .text.rpl_local_repair
                0x00000000002064b0       0x58 obj_cc2538dk/rpl-dag.o
                0x00000000002064b0                rpl_local_repair
 .text.rpl_recalculate_ranks
                0x0000000000206508       0x3c obj_cc2538dk/rpl-dag.o
                0x0000000000206508                rpl_recalculate_ranks
 .text.new_dio_interval
                0x0000000000206544       0x58 obj_cc2538dk/rpl-timers.o
 .text.handle_periodic_timer
                0x000000000020659c       0x3c obj_cc2538dk/rpl-timers.o
 .text.set_dao_lifetime_timer
                0x00000000002065d8       0x3c obj_cc2538dk/rpl-timers.o
 .text.handle_dio_timer
                0x0000000000206614       0x80 obj_cc2538dk/rpl-timers.o
 .text.schedule_dao
                0x0000000000206694       0x54 obj_cc2538dk/rpl-timers.o
 .text.handle_dao_timer
                0x00000000002066e8       0x58 obj_cc2538dk/rpl-timers.o
 .text.rpl_reset_periodic_timer
                0x0000000000206740       0x34 obj_cc2538dk/rpl-timers.o
                0x0000000000206740                rpl_reset_periodic_timer
 .text.rpl_schedule_unicast_dio_immediately
                0x0000000000206774       0x14 obj_cc2538dk/rpl-timers.o
                0x0000000000206774                rpl_schedule_unicast_dio_immediately
 .text.rpl_schedule_probing
                0x0000000000206788       0x30 obj_cc2538dk/rpl-timers.o
                0x0000000000206788                rpl_schedule_probing
 .text.handle_probing_timer
                0x00000000002067b8       0xd0 obj_cc2538dk/rpl-timers.o
 .text.rpl_verify_header
                0x0000000000206888      0x114 obj_cc2538dk/rpl-ext-header.o
                0x0000000000206888                rpl_verify_header
 .text.rpl_update_header_empty
                0x000000000020699c      0x13c obj_cc2538dk/rpl-ext-header.o
                0x000000000020699c                rpl_update_header_empty
 .text.rpl_update_header_final
                0x0000000000206ad8       0x88 obj_cc2538dk/rpl-ext-header.o
                0x0000000000206ad8                rpl_update_header_final
 .text.rpl_remove_header
                0x0000000000206b60       0x60 obj_cc2538dk/rpl-ext-header.o
                0x0000000000206b60                rpl_remove_header
 .text.rpl_invert_header
                0x0000000000206bc0       0x68 obj_cc2538dk/rpl-ext-header.o
                0x0000000000206bc0                rpl_invert_header
 .text.rpl_insert_header
                0x0000000000206c28       0x1c obj_cc2538dk/rpl-ext-header.o
                0x0000000000206c28                rpl_insert_header
 .text.rpl_get_mode
                0x0000000000206c44        0xc obj_cc2538dk/rpl.o
                0x0000000000206c44                rpl_get_mode
 .text.rpl_purge_routes
                0x0000000000206c50       0x64 obj_cc2538dk/rpl.o
                0x0000000000206c50                rpl_purge_routes
 .text.rpl_link_neighbor_callback
                0x0000000000206cb4       0x70 obj_cc2538dk/rpl.o
                0x0000000000206cb4                rpl_link_neighbor_callback
 .text.rpl_ipv6_neighbor_callback
                0x0000000000206d24       0x28 obj_cc2538dk/rpl.o
                0x0000000000206d24                rpl_ipv6_neighbor_callback
 .text.rpl_purge_dags
                0x0000000000206d4c       0x3c obj_cc2538dk/rpl.o
                0x0000000000206d4c                rpl_purge_dags
 .text.rpl_init
                0x0000000000206d88       0x58 obj_cc2538dk/rpl.o
                0x0000000000206d88                rpl_init
 .text.queuebuf_init
                0x0000000000206de0       0x1c obj_cc2538dk/queuebuf.o
                0x0000000000206de0                queuebuf_init
 .text.queuebuf_numfree
                0x0000000000206dfc        0xc obj_cc2538dk/queuebuf.o
                0x0000000000206dfc                queuebuf_numfree
 .text.queuebuf_new_from_packetbuf
                0x0000000000206e08       0x44 obj_cc2538dk/queuebuf.o
                0x0000000000206e08                queuebuf_new_from_packetbuf
 .text.queuebuf_free
                0x0000000000206e4c       0x2c obj_cc2538dk/queuebuf.o
                0x0000000000206e4c                queuebuf_free
 .text.queuebuf_to_packetbuf
                0x0000000000206e78       0x30 obj_cc2538dk/queuebuf.o
                0x0000000000206e78                queuebuf_to_packetbuf
 .text.index_from_key
                0x0000000000206ea8       0x20 obj_cc2538dk/nbr-table.o
 .text.index_from_lladdr
                0x0000000000206ec8       0x40 obj_cc2538dk/nbr-table.o
 .text.key_from_item
                0x0000000000206f08       0x2c obj_cc2538dk/nbr-table.o
 .text.nbr_get_bit.constprop.0
                0x0000000000206f34       0x30 obj_cc2538dk/nbr-table.o
 .text.nbr_table_register
                0x0000000000206f64       0x28 obj_cc2538dk/nbr-table.o
                0x0000000000206f64                nbr_table_register
 .text.nbr_table_head
                0x0000000000206f8c       0x34 obj_cc2538dk/nbr-table.o
                0x0000000000206f8c                nbr_table_head
 .text.nbr_table_add_lladdr
                0x0000000000206fc0      0x11c obj_cc2538dk/nbr-table.o
                0x0000000000206fc0                nbr_table_add_lladdr
 .text.nbr_table_remove
                0x00000000002070dc       0x2c obj_cc2538dk/nbr-table.o
                0x00000000002070dc                nbr_table_remove
 .text.nbr_table_lock
                0x0000000000207108       0x14 obj_cc2538dk/nbr-table.o
                0x0000000000207108                nbr_table_lock
 .text.nbr_table_unlock
                0x000000000020711c       0x14 obj_cc2538dk/nbr-table.o
                0x000000000020711c                nbr_table_unlock
 .text.packetbuf_copyto
                0x0000000000207130       0x50 obj_cc2538dk/packetbuf.o
                0x0000000000207130                packetbuf_copyto
 .text.packetbuf_hdrreduce
                0x0000000000207180       0x2c obj_cc2538dk/packetbuf.o
                0x0000000000207180                packetbuf_hdrreduce
 .text.packetbuf_set_datalen
                0x00000000002071ac        0xc obj_cc2538dk/packetbuf.o
                0x00000000002071ac                packetbuf_set_datalen
 .text.packetbuf_dataptr
                0x00000000002071b8       0x14 obj_cc2538dk/packetbuf.o
                0x00000000002071b8                packetbuf_dataptr
 .text.packetbuf_hdrptr
                0x00000000002071cc       0x14 obj_cc2538dk/packetbuf.o
                0x00000000002071cc                packetbuf_hdrptr
 .text.packetbuf_datalen
                0x00000000002071e0        0xc obj_cc2538dk/packetbuf.o
                0x00000000002071e0                packetbuf_datalen
 .text.packetbuf_hdrlen
                0x00000000002071ec       0x1c obj_cc2538dk/packetbuf.o
                0x00000000002071ec                packetbuf_hdrlen
 .text.packetbuf_totlen
                0x0000000000207208       0x14 obj_cc2538dk/packetbuf.o
                0x0000000000207208                packetbuf_totlen
 .text.packetbuf_hdralloc
                0x000000000020721c       0x28 obj_cc2538dk/packetbuf.o
                0x000000000020721c                packetbuf_hdralloc
 .text.packetbuf_attr_clear
                0x0000000000207244       0x38 obj_cc2538dk/packetbuf.o
                0x0000000000207244                packetbuf_attr_clear
 .text.packetbuf_clear
                0x000000000020727c       0x30 obj_cc2538dk/packetbuf.o
                0x000000000020727c                packetbuf_clear
 .text.packetbuf_copyfrom
                0x00000000002072ac       0x2c obj_cc2538dk/packetbuf.o
                0x00000000002072ac                packetbuf_copyfrom
 .text.packetbuf_attr_copyto
                0x00000000002072d8       0x34 obj_cc2538dk/packetbuf.o
                0x00000000002072d8                packetbuf_attr_copyto
 .text.packetbuf_attr_copyfrom
                0x000000000020730c       0x34 obj_cc2538dk/packetbuf.o
                0x000000000020730c                packetbuf_attr_copyfrom
 .text.packetbuf_set_attr
                0x0000000000207340       0x10 obj_cc2538dk/packetbuf.o
                0x0000000000207340                packetbuf_set_attr
 .text.packetbuf_attr
                0x0000000000207350        0xc obj_cc2538dk/packetbuf.o
                0x0000000000207350                packetbuf_attr
 .text.packetbuf_set_addr
                0x000000000020735c       0x18 obj_cc2538dk/packetbuf.o
                0x000000000020735c                packetbuf_set_addr
 .text.packetbuf_addr
                0x0000000000207374       0x10 obj_cc2538dk/packetbuf.o
                0x0000000000207374                packetbuf_addr
 .text.packetbuf_holds_broadcast
                0x0000000000207384       0x10 obj_cc2538dk/packetbuf.o
                0x0000000000207384                packetbuf_holds_broadcast
 .text.netstack_init
                0x0000000000207394       0x38 obj_cc2538dk/netstack.o
                0x0000000000207394                netstack_init
 .text.mac_sequence_is_duplicate
                0x00000000002073cc       0x38 obj_cc2538dk/mac-sequence.o
                0x00000000002073cc                mac_sequence_is_duplicate
 .text.mac_sequence_register_seqno
                0x0000000000207404       0x64 obj_cc2538dk/mac-sequence.o
                0x0000000000207404                mac_sequence_register_seqno
 .text.input_packet
                0x0000000000207468        0xc obj_cc2538dk/csma.o
 .text.on       0x0000000000207474        0xc obj_cc2538dk/csma.o
 .text.off      0x0000000000207480        0xc obj_cc2538dk/csma.o
 .text.channel_check_interval
                0x000000000020748c       0x10 obj_cc2538dk/csma.o
 .text.transmit_packet_list
                0x000000000020749c       0x30 obj_cc2538dk/csma.o
 .text.send_packet
                0x00000000002074cc      0x148 obj_cc2538dk/csma.o
 .text.init     0x0000000000207614       0x24 obj_cc2538dk/csma.o
 .text.free_packet
                0x0000000000207638       0x98 obj_cc2538dk/csma.o
 .text.packet_sent
                0x00000000002076d0       0xf8 obj_cc2538dk/csma.o
 .text.frame802154_get_pan_id
                0x00000000002077c8        0xc obj_cc2538dk/frame802154.o
                0x00000000002077c8                frame802154_get_pan_id
 .text.frame802154_parse
                0x00000000002077d4      0x174 obj_cc2538dk/frame802154.o
                0x00000000002077d4                frame802154_parse
 .text.create_frame.isra.0
                0x0000000000207948      0x124 obj_cc2538dk/framer-802154.o
 .text.init     0x0000000000207a6c       0x40 obj_cc2538dk/contikimac.o
 .text.on       0x0000000000207aac       0x2c obj_cc2538dk/contikimac.o
 .text.off      0x0000000000207ad8       0x38 obj_cc2538dk/contikimac.o
 .text.recv_burst_off
                0x0000000000207b10       0x14 obj_cc2538dk/contikimac.o
 .text.powercycle_turn_radio_off
                0x0000000000207b24       0x1c obj_cc2538dk/contikimac.o
 .text.turn_off
                0x0000000000207b40       0x38 obj_cc2538dk/contikimac.o
 .text.turn_on  0x0000000000207b78       0x40 obj_cc2538dk/contikimac.o
 .text.schedule_powercycle_fixed
                0x0000000000207bb8       0x34 obj_cc2538dk/contikimac.o
 .text.input_packet
                0x0000000000207bec       0xa8 obj_cc2538dk/contikimac.o
 .text.send_packet.isra.8
                0x0000000000207c94      0x1f8 obj_cc2538dk/contikimac.o
 .text.qsend_list
                0x0000000000207e8c       0xc4 obj_cc2538dk/contikimac.o
 .text.powercycle_wrapper
                0x0000000000207f50      0x1ec obj_cc2538dk/contikimac.o
 .text.input    0x000000000020813c        0xc obj_cc2538dk/nullsec.o
 .text.send     0x0000000000208148       0x20 obj_cc2538dk/nullsec.o
 .text.process_thread_robot_process
                0x0000000000208168       0x74 robot_driver.co
 .text          0x00000000002081dc       0x30 /usr/lib/gcc/arm-none-eabi/4.9.3/armv7-m/libgcc.a(_aeabi_uldivmod.o)
                0x00000000002081dc                __aeabi_uldivmod
 .text          0x000000000020820c       0x60 /usr/lib/gcc/arm-none-eabi/4.9.3/armv7-m/libgcc.a(bpabi.o)
                0x000000000020820c                __gnu_ldivmod_helper
                0x000000000020823c                __gnu_uldivmod_helper
 .text          0x000000000020826c        0x4 /usr/lib/gcc/arm-none-eabi/4.9.3/armv7-m/libgcc.a(_dvmd_tls.o)
                0x000000000020826c                __aeabi_ldiv0
                0x000000000020826c                __aeabi_idiv0
 .text          0x0000000000208270      0x2ac /usr/lib/gcc/arm-none-eabi/4.9.3/armv7-m/libgcc.a(_divdi3.o)
                0x0000000000208270                __divdi3
 .text          0x000000000020851c      0x270 /usr/lib/gcc/arm-none-eabi/4.9.3/armv7-m/libgcc.a(_udivdi3.o)
                0x000000000020851c                __udivdi3
 .text.memcmp   0x000000000020878c       0x68 /usr/lib/gcc/arm-none-eabi/4.9.3/../../../arm-none-eabi/lib/armv7-m/libc.a(lib_a-memcmp.o)
                0x000000000020878c                memcmp
 .text          0x00000000002087f4       0xec /usr/lib/gcc/arm-none-eabi/4.9.3/../../../arm-none-eabi/lib/armv7-m/libc.a(lib_a-memcpy.o)
                0x00000000002087f4                memcpy
 .text.memmove  0x00000000002088e0       0xcc /usr/lib/gcc/arm-none-eabi/4.9.3/../../../arm-none-eabi/lib/armv7-m/libc.a(lib_a-memmove.o)
                0x00000000002088e0                memmove
 .text.memset   0x00000000002089ac       0x94 /usr/lib/gcc/arm-none-eabi/4.9.3/../../../arm-none-eabi/lib/armv7-m/libc.a(lib_a-memset.o)
                0x00000000002089ac                memset
 .text.default_handler
                0x0000000000208a40        0x2 obj_cc2538dk/startup-gcc.o
                0x0000000000208a40                default_handler
 .text.nmi_handler
                0x0000000000208a42        0x6 obj_cc2538dk/startup-gcc.o
                0x0000000000208a42                nmi_handler
 .text.fade     0x0000000000208a48       0x54 obj_cc2538dk/contiki-main.o
 .text.config   0x0000000000208a9c       0x40 obj_cc2538dk/button-sensor.o
 .text.status   0x0000000000208adc        0x4 obj_cc2538dk/als-sensor.o
 .text.clock_isr
                0x0000000000208ae0        0x4 obj_cc2538dk/clock.o
                0x0000000000208ae0                clock_isr
 .text.rtimer_arch_init
                0x0000000000208ae4        0x2 obj_cc2538dk/rtimer-arch.o
                0x0000000000208ae4                rtimer_arch_init
 .text.cpu_cpsie
                0x0000000000208ae6        0x8 obj_cc2538dk/cpu.o
                0x0000000000208ae6                cpu_cpsie
 .text.cpu_cpsid
                0x0000000000208aee        0x8 obj_cc2538dk/cpu.o
                0x0000000000208aee                cpu_cpsid
 .text.gpio_port_a_isr
                0x0000000000208af6        0x6 obj_cc2538dk/gpio.o
                0x0000000000208af6                gpio_port_a_isr
 .text.gpio_port_b_isr
                0x0000000000208afc        0x6 obj_cc2538dk/gpio.o
                0x0000000000208afc                gpio_port_b_isr
 .text.gpio_port_c_isr
                0x0000000000208b02        0x6 obj_cc2538dk/gpio.o
                0x0000000000208b02                gpio_port_c_isr
 .text.gpio_port_d_isr
                0x0000000000208b08        0x6 obj_cc2538dk/gpio.o
                0x0000000000208b08                gpio_port_d_isr
 .text.send     0x0000000000208b0e       0x12 obj_cc2538dk/cc2538-rf.o
 .text.putchar  0x0000000000208b20       0x10 obj_cc2538dk/dbg.o
                0x0000000000208b20                putchar
 .text.dbg_send_bytes
                0x0000000000208b30       0x20 obj_cc2538dk/dbg.o
                0x0000000000208b30                dbg_send_bytes
 .text.configure
                0x0000000000208b50        0x4 obj_cc2538dk/cc2538-temp-sensor.o
 .text.status   0x0000000000208b54        0x4 obj_cc2538dk/cc2538-temp-sensor.o
 .text.value    0x0000000000208b58       0x34 obj_cc2538dk/cc2538-temp-sensor.o
 .text.configure
                0x0000000000208b8c        0x4 obj_cc2538dk/vdd3-sensor.o
 .text.status   0x0000000000208b90        0x4 obj_cc2538dk/vdd3-sensor.o
 .text.value    0x0000000000208b94       0x2a obj_cc2538dk/vdd3-sensor.o
 .text.write_str
                0x0000000000208bbe       0x10 obj_cc2538dk/dbg-printf.o
 .text.autostart_start
                0x0000000000208bce       0x14 obj_cc2538dk/autostart.o
                0x0000000000208bce                autostart_start
 .text.energest_init
                0x0000000000208be2        0x2 obj_cc2538dk/energest.o
                0x0000000000208be2                energest_init
 .text.etimer_set
                0x0000000000208be4       0x12 obj_cc2538dk/etimer.o
                0x0000000000208be4                etimer_set
 .text.etimer_reset
                0x0000000000208bf6       0x12 obj_cc2538dk/etimer.o
                0x0000000000208bf6                etimer_reset
 .text.etimer_restart
                0x0000000000208c08       0x12 obj_cc2538dk/etimer.o
                0x0000000000208c08                etimer_restart
 .text.etimer_expired
                0x0000000000208c1a        0xa obj_cc2538dk/etimer.o
                0x0000000000208c1a                etimer_expired
 .text.etimer_expiration_time
                0x0000000000208c24        0x6 obj_cc2538dk/etimer.o
                0x0000000000208c24                etimer_expiration_time
 .text.stimer_set
                0x0000000000208c2a        0xe obj_cc2538dk/stimer.o
                0x0000000000208c2a                stimer_set
 .text.call_process
                0x0000000000208c38        0xc obj_cc2538dk/process.o
 .text.rtimer_init
                0x0000000000208c44        0x4 obj_cc2538dk/rtimer.o
                0x0000000000208c44                rtimer_init
 .text.timer_set
                0x0000000000208c48        0xe obj_cc2538dk/timer.o
                0x0000000000208c48                timer_set
 .text.timer_reset
                0x0000000000208c56        0xa obj_cc2538dk/timer.o
                0x0000000000208c56                timer_reset
 .text.timer_restart
                0x0000000000208c60        0xc obj_cc2538dk/timer.o
                0x0000000000208c60                timer_restart
 .text.timer_expired
                0x0000000000208c6c       0x1c obj_cc2538dk/timer.o
                0x0000000000208c6c                timer_expired
 .text.list_init
                0x0000000000208c88        0x6 obj_cc2538dk/list.o
                0x0000000000208c88                list_init
 .text.list_head
                0x0000000000208c8e        0x4 obj_cc2538dk/list.o
                0x0000000000208c8e                list_head
 .text.list_tail
                0x0000000000208c92       0x10 obj_cc2538dk/list.o
                0x0000000000208c92                list_tail
 .text.list_remove
                0x0000000000208ca2       0x28 obj_cc2538dk/list.o
                0x0000000000208ca2                list_remove
 .text.list_add
                0x0000000000208cca       0x1e obj_cc2538dk/list.o
                0x0000000000208cca                list_add
 .text.list_push
                0x0000000000208ce8       0x12 obj_cc2538dk/list.o
                0x0000000000208ce8                list_push
 .text.list_length
                0x0000000000208cfa        0xe obj_cc2538dk/list.o
                0x0000000000208cfa                list_length
 .text.list_item_next
                0x0000000000208d08        0x6 obj_cc2538dk/list.o
                0x0000000000208d08                list_item_next
 .text.memb_init
                0x0000000000208d0e       0x20 obj_cc2538dk/memb.o
                0x0000000000208d0e                memb_init
 .text.memb_alloc
                0x0000000000208d2e       0x28 obj_cc2538dk/memb.o
                0x0000000000208d2e                memb_alloc
 .text.memb_free
                0x0000000000208d56       0x2c obj_cc2538dk/memb.o
                0x0000000000208d56                memb_free
 .text.memb_inmemb
                0x0000000000208d82       0x1c obj_cc2538dk/memb.o
                0x0000000000208d82                memb_inmemb
 .text.memb_numfree
                0x0000000000208d9e       0x1c obj_cc2538dk/memb.o
                0x0000000000208d9e                memb_numfree
 .text.ringbuf_init
                0x0000000000208dba        0xe obj_cc2538dk/ringbuf.o
                0x0000000000208dba                ringbuf_init
 .text.ringbuf_get
                0x0000000000208dc8       0x20 obj_cc2538dk/ringbuf.o
                0x0000000000208dc8                ringbuf_get
 .text.uip_ds6_list_loop
                0x0000000000208de8       0x48 obj_cc2538dk/uip-ds6.o
                0x0000000000208de8                uip_ds6_list_loop
 .text.uip_ds6_maddr_rm
                0x0000000000208e30        0x8 obj_cc2538dk/uip-ds6.o
                0x0000000000208e30                uip_ds6_maddr_rm
 .text.uip_ds6_set_addr_iid
                0x0000000000208e38       0x12 obj_cc2538dk/uip-ds6.o
                0x0000000000208e38                uip_ds6_set_addr_iid
 .text.get_match_length
                0x0000000000208e4a       0x3a obj_cc2538dk/uip-ds6.o
                0x0000000000208e4a                get_match_length
 .text.uip_ds6_route_next
                0x0000000000208e84        0x8 obj_cc2538dk/uip-ds6-route.o
                0x0000000000208e84                uip_ds6_route_next
 .text.rm_routelist_callback
                0x0000000000208e8c        0x4 obj_cc2538dk/uip-ds6-route.o
 .text.chksum   0x0000000000208e90       0x38 obj_cc2538dk/uip6.o
 .text.uip_icmp6chksum
                0x0000000000208ec8        0x6 obj_cc2538dk/uip6.o
                0x0000000000208ec8                uip_icmp6chksum
 .text.uip_tcpchksum
                0x0000000000208ece        0x6 obj_cc2538dk/uip6.o
                0x0000000000208ece                uip_tcpchksum
 .text.uip_udpchksum
                0x0000000000208ed4        0x6 obj_cc2538dk/uip6.o
                0x0000000000208ed4                uip_udpchksum
 .text.uip_htonl
                0x0000000000208eda       0x14 obj_cc2538dk/uip6.o
                0x0000000000208eda                uip_htonl
 .text.uip_ds6_nbr_ipaddr_from_lladdr
                0x0000000000208eee        0x4 obj_cc2538dk/uip-ds6-nbr.o
                0x0000000000208eee                uip_ds6_nbr_ipaddr_from_lladdr
 .text.uip_ds6_nbr_lladdr_from_ipaddr
                0x0000000000208ef2       0x12 obj_cc2538dk/uip-ds6-nbr.o
                0x0000000000208ef2                uip_ds6_nbr_lladdr_from_ipaddr
 .text.uip_nd6_init
                0x0000000000208f04        0x2 obj_cc2538dk/uip-nd6.o
                0x0000000000208f04                uip_nd6_init
 .text.get32    0x0000000000208f06       0x18 obj_cc2538dk/rpl-icmp6.o
 .text.set32    0x0000000000208f1e       0x12 obj_cc2538dk/rpl-icmp6.o
 .text.get16    0x0000000000208f30        0xc obj_cc2538dk/rpl-icmp6.o
 .text.set16    0x0000000000208f3c        0xa obj_cc2538dk/rpl-icmp6.o
 .text.lollipop_greater_than
                0x0000000000208f46       0x34 obj_cc2538dk/rpl-dag.o
 .text.check_prefix
                0x0000000000208f7a       0x58 obj_cc2538dk/rpl-dag.o
 .text.rpl_set_prefix
                0x0000000000208fd2       0x6c obj_cc2538dk/rpl-dag.o
                0x0000000000208fd2                rpl_set_prefix
 .text.rpl_set_default_route
                0x000000000020903e       0x38 obj_cc2538dk/rpl-dag.o
                0x000000000020903e                rpl_set_default_route
 .text.rpl_find_parent
                0x0000000000209076       0x16 obj_cc2538dk/rpl-dag.o
                0x0000000000209076                rpl_find_parent
 .text.rpl_find_parent_any_dag
                0x000000000020908c       0x1e obj_cc2538dk/rpl-dag.o
                0x000000000020908c                rpl_find_parent_any_dag
 .text.rpl_select_dag
                0x00000000002090aa      0x152 obj_cc2538dk/rpl-dag.o
                0x00000000002090aa                rpl_select_dag
 .text.rpl_nullify_parent
                0x00000000002091fc       0x48 obj_cc2538dk/rpl-dag.o
                0x00000000002091fc                rpl_nullify_parent
 .text.nbr_callback
                0x0000000000209244        0x4 obj_cc2538dk/rpl-dag.o
 .text.rpl_free_dag
                0x0000000000209248       0x2e obj_cc2538dk/rpl-dag.o
                0x0000000000209248                rpl_free_dag
 .text.rpl_move_parent
                0x0000000000209276       0x48 obj_cc2538dk/rpl-dag.o
                0x0000000000209276                rpl_move_parent
 .text.rpl_repair_root
                0x00000000002092be       0x48 obj_cc2538dk/rpl-dag.o
                0x00000000002092be                rpl_repair_root
 .text.rpl_alloc_dag
                0x0000000000209306       0x48 obj_cc2538dk/rpl-dag.o
                0x0000000000209306                rpl_alloc_dag
 .text.rpl_process_parent_event
                0x000000000020934e       0x60 obj_cc2538dk/rpl-dag.o
                0x000000000020934e                rpl_process_parent_event
 .text.rpl_add_dag
                0x00000000002093ae      0x10c obj_cc2538dk/rpl-dag.o
                0x00000000002093ae                rpl_add_dag
 .text.rpl_process_dio
                0x00000000002094ba      0x2bc obj_cc2538dk/rpl-dag.o
                0x00000000002094ba                rpl_process_dio
 .text.handle_unicast_dio_timer
                0x0000000000209776       0x1c obj_cc2538dk/rpl-timers.o
 .text.rpl_reset_dio_timer
                0x0000000000209792       0x1c obj_cc2538dk/rpl-timers.o
                0x0000000000209792                rpl_reset_dio_timer
 .text.rpl_schedule_dao
                0x00000000002097ae        0x8 obj_cc2538dk/rpl-timers.o
                0x00000000002097ae                rpl_schedule_dao
 .text.rpl_remove_routes
                0x00000000002097b6       0x1e obj_cc2538dk/rpl.o
                0x00000000002097b6                rpl_remove_routes
 .text.rpl_remove_routes_by_nexthop
                0x00000000002097d4       0x36 obj_cc2538dk/rpl.o
                0x00000000002097d4                rpl_remove_routes_by_nexthop
 .text.rpl_add_route
                0x000000000020980a       0x28 obj_cc2538dk/rpl.o
                0x000000000020980a                rpl_add_route
 .text.reset    0x0000000000209832        0x2 obj_cc2538dk/rpl-mrhof.o
 .text.update_metric_container
                0x0000000000209834        0x6 obj_cc2538dk/rpl-mrhof.o
 .text.calculate_rank
                0x000000000020983a       0x34 obj_cc2538dk/rpl-mrhof.o
 .text.neighbor_link_callback
                0x000000000020986e       0x46 obj_cc2538dk/rpl-mrhof.o
 .text.best_dag
                0x00000000002098b4       0x2c obj_cc2538dk/rpl-mrhof.o
 .text.best_parent
                0x00000000002098e0       0x5a obj_cc2538dk/rpl-mrhof.o
 .text.queuebuf_update_attr_from_packetbuf
                0x000000000020993a        0xc obj_cc2538dk/queuebuf.o
                0x000000000020993a                queuebuf_update_attr_from_packetbuf
 .text.queuebuf_update_from_packetbuf
                0x0000000000209946       0x1c obj_cc2538dk/queuebuf.o
                0x0000000000209946                queuebuf_update_from_packetbuf
 .text.queuebuf_attr
                0x0000000000209962        0xc obj_cc2538dk/queuebuf.o
                0x0000000000209962                queuebuf_attr
 .text.nbr_set_bit
                0x000000000020996e       0x38 obj_cc2538dk/nbr-table.o
 .text.item_from_key
                0x00000000002099a6       0x22 obj_cc2538dk/nbr-table.o
 .text.nbr_table_next
                0x00000000002099c8       0x2e obj_cc2538dk/nbr-table.o
                0x00000000002099c8                nbr_table_next
 .text.nbr_table_get_from_lladdr
                0x00000000002099f6       0x32 obj_cc2538dk/nbr-table.o
                0x00000000002099f6                nbr_table_get_from_lladdr
 .text.nbr_table_get_lladdr
                0x0000000000209a28        0xc obj_cc2538dk/nbr-table.o
                0x0000000000209a28                nbr_table_get_lladdr
 .text.linkaddr_copy
                0x0000000000209a34        0xa obj_cc2538dk/linkaddr.o
                0x0000000000209a34                linkaddr_copy
 .text.linkaddr_cmp
                0x0000000000209a3e       0x10 obj_cc2538dk/linkaddr.o
                0x0000000000209a3e                linkaddr_cmp
 .text.frame802154_has_panid
                0x0000000000209a4e       0x4c obj_cc2538dk/frame802154.o
                0x0000000000209a4e                frame802154_has_panid
 .text.field_len
                0x0000000000209a9a       0x84 obj_cc2538dk/frame802154.o
 .text.frame802154_is_broadcast_addr
                0x0000000000209b1e       0x1e obj_cc2538dk/frame802154.o
                0x0000000000209b1e                frame802154_is_broadcast_addr
 .text.frame802154_hdrlen
                0x0000000000209b3c       0x32 obj_cc2538dk/frame802154.o
                0x0000000000209b3c                frame802154_hdrlen
 .text.frame802154_create
                0x0000000000209b6e       0xe6 obj_cc2538dk/frame802154.o
                0x0000000000209b6e                frame802154_create
 .text.mac_call_sent_callback
                0x0000000000209c54       0x16 obj_cc2538dk/mac.o
                0x0000000000209c54                mac_call_sent_callback
 .text.parse    0x0000000000209c6a       0x94 obj_cc2538dk/framer-802154.o
 .text.create   0x0000000000209cfe        0x6 obj_cc2538dk/framer-802154.o
 .text.hdr_length
                0x0000000000209d04        0x6 obj_cc2538dk/framer-802154.o
 .text.duty_cycle
                0x0000000000209d0a        0x4 obj_cc2538dk/contikimac.o
 .text.qsend_packet
                0x0000000000209d0e       0x22 obj_cc2538dk/contikimac.o
 .text.init     0x0000000000209d30        0x2 obj_cc2538dk/nullsec.o
 *(SORT(.rodata*))
 *fill*         0x0000000000209d32        0x2 00000000
 .rodata.button_select_sensor
                0x0000000000209d34       0x10 obj_cc2538dk/button-sensor.o
                0x0000000000209d34                button_select_sensor
 .rodata.button_up_sensor
                0x0000000000209d44       0x10 obj_cc2538dk/button-sensor.o
                0x0000000000209d44                button_up_sensor
 .rodata.button_left_sensor
                0x0000000000209d54       0x10 obj_cc2538dk/button-sensor.o
                0x0000000000209d54                button_left_sensor
 .rodata.button_right_sensor
                0x0000000000209d64       0x10 obj_cc2538dk/button-sensor.o
                0x0000000000209d64                button_right_sensor
 .rodata.button_down_sensor
                0x0000000000209d74       0x10 obj_cc2538dk/button-sensor.o
                0x0000000000209d74                button_down_sensor
 .rodata.als_sensor
                0x0000000000209d84       0x10 obj_cc2538dk/als-sensor.o
                0x0000000000209d84                als_sensor
 .rodata.uart_regs
                0x0000000000209d94       0x58 obj_cc2538dk/uart.o
 .rodata.cc2538_rf_driver
                0x0000000000209dec       0x38 obj_cc2538dk/cc2538-rf.o
                0x0000000000209dec                cc2538_rf_driver
 .rodata.output_power
                0x0000000000209e24       0x70 obj_cc2538dk/cc2538-rf.o
 .rodata.cc2538_temp_sensor
                0x0000000000209e94       0x10 obj_cc2538dk/cc2538-temp-sensor.o
                0x0000000000209e94                cc2538_temp_sensor
 .rodata.vdd3_sensor
                0x0000000000209ea4       0x10 obj_cc2538dk/vdd3-sensor.o
                0x0000000000209ea4                vdd3_sensor
 .rodata.sicslowpan_driver
                0x0000000000209eb4        0xc obj_cc2538dk/sicslowpan.o
                0x0000000000209eb4                sicslowpan_driver
 .rodata.csma_driver
                0x0000000000209ec0       0x1c obj_cc2538dk/csma.o
                0x0000000000209ec0                csma_driver
 .rodata.framer_802154
                0x0000000000209edc        0xc obj_cc2538dk/framer-802154.o
                0x0000000000209edc                framer_802154
 .rodata.contikimac_driver
                0x0000000000209ee8       0x20 obj_cc2538dk/contikimac.o
                0x0000000000209ee8                contikimac_driver
 .rodata.nullsec_driver
                0x0000000000209f08       0x10 obj_cc2538dk/nullsec.o
                0x0000000000209f08                nullsec_driver
 .rodata.autostart_processes
                0x0000000000209f18        0x8 robot_driver.co
                0x0000000000209f18                autostart_processes
 .rodata.str1.1
                0x0000000000209f20        0x8 obj_cc2538dk/sensors.o
 .rodata.str1.1
                0x0000000000209f28        0x7 obj_cc2538dk/button-sensor.o
 .rodata.str1.1
                0x0000000000209f2f        0x4 obj_cc2538dk/als-sensor.o
 .rodata.str1.1
                0x0000000000209f33       0x11 obj_cc2538dk/cc2538-rf.o
 .rodata.str1.1
                0x0000000000209f44       0x14 obj_cc2538dk/cc2538-temp-sensor.o
 .rodata.str1.1
                0x0000000000209f58        0x5 obj_cc2538dk/vdd3-sensor.o
 .rodata.buffer.4159
                0x0000000000209f5d       0x10 obj_cc2538dk/strformat.o
 .rodata.str1.1
                0x0000000000209f6d       0x37 obj_cc2538dk/strformat.o
 .rodata.buffer.4150
                0x0000000000209fa4       0x10 obj_cc2538dk/strformat.o
 .rodata.str1.1
                0x0000000000209fb4        0xf obj_cc2538dk/ctimer.o
 .rodata.str1.1
                0x0000000000209fc3        0xc obj_cc2538dk/etimer.o
 .rodata.str1.1
                0x0000000000209fcf        0xe obj_cc2538dk/serial-line.o
 .rodata        0x0000000000209fdd        0x2 obj_cc2538dk/sicslowpan.o
 .rodata.ttl_values
                0x0000000000209fdf        0x4 obj_cc2538dk/sicslowpan.o
 .rodata.unc_llconf
                0x0000000000209fe3        0x4 obj_cc2538dk/sicslowpan.o
                0x0000000000209fe3                unc_llconf
 .rodata.llprefix
                0x0000000000209fe7        0x2 obj_cc2538dk/sicslowpan.o
                0x0000000000209fe7                llprefix
 .rodata.unc_mxconf
                0x0000000000209fe9        0x4 obj_cc2538dk/sicslowpan.o
                0x0000000000209fe9                unc_mxconf
 .rodata.str1.1
                0x0000000000209fed        0xb obj_cc2538dk/sicslowpan.o
 .rodata.unc_ctxconf
                0x0000000000209ff8        0x4 obj_cc2538dk/sicslowpan.o
                0x0000000000209ff8                unc_ctxconf
 .rodata.str1.1
                0x0000000000209ffc        0xd obj_cc2538dk/tcpip.o
 .rodata.str1.1
                0x000000000020a009       0x3c obj_cc2538dk/uip-debug.o
 .rodata.linkaddr_null
                0x000000000020a045        0x8 obj_cc2538dk/linkaddr.o
                0x000000000020a045                linkaddr_null
 .rodata.str1.1
                0x000000000020a04d        0x5 obj_cc2538dk/csma.o
 .rodata.str1.1
                0x000000000020a052        0xb obj_cc2538dk/contikimac.o
 .rodata.str1.1
                0x000000000020a05d        0x8 obj_cc2538dk/nullsec.o
 .rodata.str1.1
                0x000000000020a065       0x49 robot_driver.co
                0x000000000020a0ae                _etext = .

.glue_7         0x000000000020a0b0        0x0
 .glue_7        0x000000000020a0b0        0x0 linker stubs

.glue_7t        0x000000000020a0b0        0x0
 .glue_7t       0x000000000020a0b0        0x0 linker stubs

.vfp11_veneer   0x000000000020a0b0        0x0
 .vfp11_veneer  0x000000000020a0b0        0x0 linker stubs

.v4_bx          0x000000000020a0b0        0x0
 .v4_bx         0x000000000020a0b0        0x0 linker stubs

.iplt           0x000000000020a0b0        0x0
 .iplt          0x000000000020a0b0        0x0 obj_cc2538dk/startup-gcc.o

.socdata        0x0000000020000000       0x40
 *(SORT(.udma_channel_control_table))
 .udma_channel_control_table
                0x0000000020000000       0x40 obj_cc2538dk/udma.o

.data           0x0000000020000040      0x1ac load address 0x000000000020a0b0
                0x0000000020000040                _data = .
 *(SORT(.data*))
 .data.sensors_process
                0x0000000020000040       0x10 obj_cc2538dk/sensors.o
                0x0000000020000040                sensors_process
 .data.sensors  0x0000000020000050       0x24 obj_cc2538dk/smartrf-sensors.o
                0x0000000020000050                sensors
 .data.cc2538_rf_process
                0x0000000020000074       0x10 obj_cc2538dk/cc2538-rf.o
                0x0000000020000074                cc2538_rf_process
 .data.ctxt     0x0000000020000084        0x8 obj_cc2538dk/dbg-printf.o
 .data.ctimer_process
                0x000000002000008c       0x10 obj_cc2538dk/ctimer.o
                0x000000002000008c                ctimer_process
 .data.etimer_process
                0x000000002000009c       0x10 obj_cc2538dk/etimer.o
                0x000000002000009c                etimer_process
 .data.serial_line_process
                0x00000000200000ac       0x10 obj_cc2538dk/serial-line.o
                0x00000000200000ac                serial_line_process
 .data.echo_request_handler
                0x00000000200000bc        0xc obj_cc2538dk/uip-icmp6.o
 .data.echo_reply_handler
                0x00000000200000c8        0xc obj_cc2538dk/uip-icmp6.o
 .data.defaultroutermemb
                0x00000000200000d4        0xc obj_cc2538dk/uip-ds6-route.o
 .data.nbr_routes_struct
                0x00000000200000e0       0x10 obj_cc2538dk/uip-ds6-route.o
 .data.nbr_routes
                0x00000000200000f0        0x4 obj_cc2538dk/uip-ds6-route.o
                0x00000000200000f0                nbr_routes
 .data.routememb
                0x00000000200000f4        0xc obj_cc2538dk/uip-ds6-route.o
 .data.neighborroutememb
                0x0000000020000100        0xc obj_cc2538dk/uip-ds6-route.o
 .data.ds6_neighbors
                0x000000002000010c        0x4 obj_cc2538dk/uip-ds6-nbr.o
                0x000000002000010c                ds6_neighbors
 .data.ds6_neighbors_struct
                0x0000000020000110       0x10 obj_cc2538dk/uip-ds6-nbr.o
 .data.tcpip_process
                0x0000000020000120       0x10 obj_cc2538dk/tcpip.o
                0x0000000020000120                tcpip_process
 .data.dao_ack_handler
                0x0000000020000130        0xc obj_cc2538dk/rpl-icmp6.o
 .data.dis_handler
                0x000000002000013c        0xc obj_cc2538dk/rpl-icmp6.o
 .data.dao_handler
                0x0000000020000148        0xc obj_cc2538dk/rpl-icmp6.o
 .data.dio_handler
                0x0000000020000154        0xc obj_cc2538dk/rpl-icmp6.o
 .data.rpl_parents
                0x0000000020000160        0x4 obj_cc2538dk/rpl-dag.o
                0x0000000020000160                rpl_parents
 .data.rpl_parents_struct
                0x0000000020000164       0x10 obj_cc2538dk/rpl-dag.o
 .data.rpl_mrhof
                0x0000000020000174       0x1c obj_cc2538dk/rpl-mrhof.o
                0x0000000020000174                rpl_mrhof
 .data.bufmem   0x0000000020000190        0xc obj_cc2538dk/queuebuf.o
 .data.buframmem
                0x000000002000019c        0xc obj_cc2538dk/queuebuf.o
 .data.neighbor_addr_mem
                0x00000000200001a8        0xc obj_cc2538dk/nbr-table.o
 .data.metadata_memb
                0x00000000200001b4        0xc obj_cc2538dk/csma.o
 .data.neighbor_memb
                0x00000000200001c0        0xc obj_cc2538dk/csma.o
 .data.packet_memb
                0x00000000200001cc        0xc obj_cc2538dk/csma.o
 .data.robot_process
                0x00000000200001d8       0x10 robot_driver.co
                0x00000000200001d8                robot_process
 .data.mac_pan_id
                0x00000000200001e8        0x2 obj_cc2538dk/frame802154.o
 .data.rf_channel
                0x00000000200001ea        0x1 obj_cc2538dk/cc2538-rf.o
 .data.dao_sequence
                0x00000000200001eb        0x1 obj_cc2538dk/rpl-icmp6.o
                0x00000000200001ec                _edata = .
                0x000000000020a0b0                _ldata = LOADADDR (.data)

.igot.plt       0x00000000200001ec        0x0 load address 0x000000000020a25c
 .igot.plt      0x00000000200001ec        0x0 obj_cc2538dk/startup-gcc.o

.ARM.exidx      0x000000000020a25c        0x8
 *(SORT(.ARM.exidx*))
 .ARM.exidx     0x000000000020a25c        0x8 /usr/lib/gcc/arm-none-eabi/4.9.3/armv7-m/libgcc.a(_divdi3.o)
 .ARM.exidx     0x000000000020a264        0x0 /usr/lib/gcc/arm-none-eabi/4.9.3/armv7-m/libgcc.a(_udivdi3.o)
                                          0x8 (size before relaxing)

.bss            0x00000000200001f0     0x29e3
                0x00000000200001f0                _bss = .
 *(SORT(.bss*))
 .bss.rt_ticks_startup
                0x00000000200001f0        0x8 obj_cc2538dk/clock.o
 .bss.rt_ticks_epoch
                0x00000000200001f8        0x8 obj_cc2538dk/clock.o
 .bss.i.4722    0x0000000020000200        0x4 obj_cc2538dk/sensors.o
 .bss.events.4723
                0x0000000020000204        0x4 obj_cc2538dk/sensors.o
 .bss.debouncetimer
                0x0000000020000208        0x8 obj_cc2538dk/button-sensor.o
 .bss.next_trigger
                0x0000000020000210        0x4 obj_cc2538dk/rtimer-arch.o
 .bss.interrupt_disable
                0x0000000020000214        0x4 obj_cc2538dk/nvic.o
 .bss.interrupt_pend
                0x0000000020000218        0x4 obj_cc2538dk/nvic.o
 .bss.interrupt_unpend
                0x000000002000021c        0x4 obj_cc2538dk/nvic.o
 .bss.interrupt_enable
                0x0000000020000220        0x4 obj_cc2538dk/nvic.o
 .bss.gpio_callbacks
                0x0000000020000224       0x80 obj_cc2538dk/gpio.o
 .bss.ioc_sel   0x00000000200002a4        0x4 obj_cc2538dk/ioc.o
 .bss.ioc_over  0x00000000200002a8        0x4 obj_cc2538dk/ioc.o
 .bss.notification_process
                0x00000000200002ac        0x4 obj_cc2538dk/crypto.o
 .bss.periph_permit_pm1_funcs
                0x00000000200002b0       0x14 obj_cc2538dk/lpm.o
 .bss.notification_process
                0x00000000200002c4        0x4 obj_cc2538dk/pka.o
 .bss.ctimer_list_list
                0x00000000200002c8        0x4 obj_cc2538dk/ctimer.o
 .bss.timerlist
                0x00000000200002cc        0x4 obj_cc2538dk/etimer.o
 .bss.next_expiration
                0x00000000200002d0        0x4 obj_cc2538dk/etimer.o
 .bss.receiver.5306
                0x00000000200002d4        0x4 obj_cc2538dk/process.o
 .bss.data.5305
                0x00000000200002d8        0x4 obj_cc2538dk/process.o
 .bss.p.5307    0x00000000200002dc        0x4 obj_cc2538dk/process.o
 .bss.process_current
                0x00000000200002e0        0x4 obj_cc2538dk/process.o
                0x00000000200002e0                process_current
 .bss.process_list
                0x00000000200002e4        0x4 obj_cc2538dk/process.o
                0x00000000200002e4                process_list
 .bss.events    0x00000000200002e8      0x180 obj_cc2538dk/process.o
 .bss.next_rtimer
                0x0000000020000468        0x4 obj_cc2538dk/rtimer.o
 .bss.rxbuf     0x000000002000046c        0x8 obj_cc2538dk/serial-line.o
 .bss.ptr.4707  0x0000000020000474        0x4 obj_cc2538dk/serial-line.o
 .bss.echo_reply_callback_list_list
                0x0000000020000478        0x4 obj_cc2538dk/uip-icmp6.o
 .bss.input_handler_list_list
                0x000000002000047c        0x4 obj_cc2538dk/uip-icmp6.o
 .bss.locmaddr  0x0000000020000480        0x4 obj_cc2538dk/uip-ds6.o
 .bss.locprefix
                0x0000000020000484        0x4 obj_cc2538dk/uip-ds6.o
 .bss.locaddr   0x0000000020000488        0x4 obj_cc2538dk/uip-ds6.o
 .bss.defaultroutermemb_memb_mem
                0x000000002000048c       0x40 obj_cc2538dk/uip-ds6-route.o
 .bss.num_routes
                0x00000000200004cc        0x4 obj_cc2538dk/uip-ds6-route.o
 .bss.defaultrouterlist_list
                0x00000000200004d0        0x4 obj_cc2538dk/uip-ds6-route.o
 .bss._nbr_routes_mem
                0x00000000200004d4       0xa0 obj_cc2538dk/uip-ds6-route.o
 .bss.routelist_list
                0x0000000020000574        0x4 obj_cc2538dk/uip-ds6-route.o
 .bss.routememb_memb_mem
                0x0000000020000578      0x320 obj_cc2538dk/uip-ds6-route.o
 .bss.neighborroutememb_memb_mem
                0x0000000020000898       0xa0 obj_cc2538dk/uip-ds6-route.o
 .bss.notificationlist_list
                0x0000000020000938        0x4 obj_cc2538dk/uip-ds6-route.o
 .bss._ds6_neighbors_mem
                0x000000002000093c      0x320 obj_cc2538dk/uip-ds6-nbr.o
 .bss.context   0x0000000020000c5c        0x4 obj_cc2538dk/sicslowpan.o
 .bss.last_rssi
                0x0000000020000c60        0x4 obj_cc2538dk/sicslowpan.o
 .bss.hc06_ptr  0x0000000020000c64        0x4 obj_cc2538dk/sicslowpan.o
 .bss.packetbuf_ptr
                0x0000000020000c68        0x4 obj_cc2538dk/sicslowpan.o
 .bss.packetbuf_payload_len
                0x0000000020000c6c        0x4 obj_cc2538dk/sicslowpan.o
 .bss.last_tx_status
                0x0000000020000c70        0x4 obj_cc2538dk/sicslowpan.o
 .bss.callback  0x0000000020000c74        0x4 obj_cc2538dk/sicslowpan.o
 .bss.frag_info
                0x0000000020000c78      0x170 obj_cc2538dk/sicslowpan.o
 .bss.s         0x0000000020000de8       0x44 obj_cc2538dk/tcpip.o
 .bss.periodic  0x0000000020000e2c       0x10 obj_cc2538dk/tcpip.o
 .bss.outputfunc
                0x0000000020000e3c        0x4 obj_cc2538dk/tcpip.o
 .bss._rpl_parents_mem
                0x0000000020000e40      0x140 obj_cc2538dk/rpl-dag.o
 .bss.periodic_timer
                0x0000000020000f80       0x20 obj_cc2538dk/rpl-timers.o
 .bss.bufmem_memb_mem
                0x0000000020000fa0       0x20 obj_cc2538dk/queuebuf.o
 .bss.nbr_table_keys_list
                0x0000000020000fc0        0x4 obj_cc2538dk/nbr-table.o
 .bss.neighbor_addr_mem_memb_mem
                0x0000000020000fc4       0xf0 obj_cc2538dk/nbr-table.o
 .bss.all_tables
                0x00000000200010b4       0x20 obj_cc2538dk/nbr-table.o
 .bss.num_tables
                0x00000000200010d4        0x4 obj_cc2538dk/nbr-table.o
 .bss.packetbufptr
                0x00000000200010d8        0x4 obj_cc2538dk/packetbuf.o
 .bss.packetbuf_aligned
                0x00000000200010dc       0xb0 obj_cc2538dk/packetbuf.o
 .bss.metadata_memb_memb_mem
                0x000000002000118c       0x60 obj_cc2538dk/csma.o
 .bss.neighbor_list_list
                0x00000000200011ec        0x4 obj_cc2538dk/csma.o
 .bss.packet_memb_memb_mem
                0x00000000200011f0       0x60 obj_cc2538dk/csma.o
 .bss.neighbor_memb_memb_mem
                0x0000000020001250       0x70 obj_cc2538dk/csma.o
 .bss.cycle_start
                0x00000000200012c0        0x4 obj_cc2538dk/contikimac.o
 .bss.we_are_receiving_burst
                0x00000000200012c4        0x4 obj_cc2538dk/contikimac.o
 .bss.rt        0x00000000200012c8        0xc obj_cc2538dk/contikimac.o
 .bss.ct.7030   0x00000000200012d4       0x20 obj_cc2538dk/contikimac.o
 .bss.start.6955
                0x00000000200012f4        0x4 obj_cc2538dk/contikimac.o
 .bss.et        0x00000000200012f8       0x10 robot_driver.co
 .bss.tmp_ipaddr
                0x0000000020001308       0x10 obj_cc2538dk/uip-icmp6.o
 .bss.loc_fipaddr
                0x0000000020001318       0x10 obj_cc2538dk/uip-ds6.o
 .bss.tmp16     0x0000000020001328        0x2 obj_cc2538dk/uip6.o
 .bss.lastport  0x000000002000132a        0x2 obj_cc2538dk/uip6.o
 .bss.my_tag    0x000000002000132c        0x2 obj_cc2538dk/sicslowpan.o
 .bss.next_dis  0x000000002000132e        0x2 obj_cc2538dk/rpl-timers.o
 .bss.buframmem_memb_mem
                0x0000000020001330      0x580 obj_cc2538dk/queuebuf.o
 .bss.buflen    0x00000000200018b0        0x2 obj_cc2538dk/packetbuf.o
 .bss.bufptr    0x00000000200018b2        0x2 obj_cc2538dk/packetbuf.o
 .bss.seqno.6205
                0x00000000200018b4        0x2 obj_cc2538dk/csma.o
 .bss.pt        0x00000000200018b6        0x2 obj_cc2538dk/contikimac.o
 .bss.leds      0x00000000200018b8        0x1 obj_cc2538dk/leds.o
 .bss.num_sensors
                0x00000000200018b9        0x1 obj_cc2538dk/sensors.o
 .bss.rf_flags  0x00000000200018ba        0x1 obj_cc2538dk/cc2538-rf.o
 .bss.max_pm    0x00000000200018bb        0x1 obj_cc2538dk/lpm.o
 .bss.initialized
                0x00000000200018bc        0x1 obj_cc2538dk/ctimer.o
 .bss.fevent    0x00000000200018bd        0x1 obj_cc2538dk/process.o
 .bss.nevents   0x00000000200018be        0x1 obj_cc2538dk/process.o
 .bss.poll_requested
                0x00000000200018bf        0x1 obj_cc2538dk/process.o
 .bss.ev.5304   0x00000000200018c0        0x1 obj_cc2538dk/process.o
 .bss.snum.5322
                0x00000000200018c1        0x1 obj_cc2538dk/process.o
 .bss.lastevent
                0x00000000200018c2        0x1 obj_cc2538dk/process.o
 .bss.rxbuf_data
                0x00000000200018c3       0x80 obj_cc2538dk/serial-line.o
 .bss.buf.4706  0x0000000020001943       0x80 obj_cc2538dk/serial-line.o
 .bss.defaultroutermemb_memb_count
                0x00000000200019c3        0x2 obj_cc2538dk/uip-ds6-route.o
 .bss.neighborroutememb_memb_count
                0x00000000200019c5       0x14 obj_cc2538dk/uip-ds6-route.o
 .bss.routememb_memb_count
                0x00000000200019d9       0x14 obj_cc2538dk/uip-ds6-route.o
 .bss.uip_ext_len
                0x00000000200019ed        0x1 obj_cc2538dk/uip6.o
                0x00000000200019ed                uip_ext_len
 .bss.uip_ext_bitmap
                0x00000000200019ee        0x1 obj_cc2538dk/uip6.o
                0x00000000200019ee                uip_ext_bitmap
 .bss.iss       0x00000000200019ef        0x4 obj_cc2538dk/uip6.o
 .bss.uip_ext_opt_offset
                0x00000000200019f3        0x1 obj_cc2538dk/uip6.o
                0x00000000200019f3                uip_ext_opt_offset
 .bss.c         0x00000000200019f4        0x1 obj_cc2538dk/uip6.o
 .bss.opt       0x00000000200019f5        0x1 obj_cc2538dk/uip6.o
 .bss.uncomp_hdr_len
                0x00000000200019f6        0x1 obj_cc2538dk/sicslowpan.o
 .bss.addr_contexts
                0x00000000200019f7        0xa obj_cc2538dk/sicslowpan.o
 .bss.frag_buf  0x0000000020001a01      0x54c obj_cc2538dk/sicslowpan.o
 .bss.packetbuf_hdr_len
                0x0000000020001f4d        0x1 obj_cc2538dk/sicslowpan.o
 .bss.i.7804    0x0000000020001f4e        0x1 obj_cc2538dk/tcpip.o
 .bss.i.7760    0x0000000020001f4f        0x1 obj_cc2538dk/tcpip.o
 .bss.i.7816    0x0000000020001f50        0x1 obj_cc2538dk/tcpip.o
 .bss.dio_send_ok
                0x0000000020001f51        0x1 obj_cc2538dk/rpl-timers.o
 .bss.mode      0x0000000020001f52        0x1 obj_cc2538dk/rpl.o
 .bss.buframmem_memb_count
                0x0000000020001f53        0x8 obj_cc2538dk/queuebuf.o
 .bss.bufmem_memb_count
                0x0000000020001f5b        0x8 obj_cc2538dk/queuebuf.o
 .bss.neighbor_addr_mem_memb_count
                0x0000000020001f63       0x14 obj_cc2538dk/nbr-table.o
 .bss.locked_map
                0x0000000020001f77       0x14 obj_cc2538dk/nbr-table.o
 .bss.used_map  0x0000000020001f8b       0x14 obj_cc2538dk/nbr-table.o
 .bss.hdrptr    0x0000000020001f9f        0x1 obj_cc2538dk/packetbuf.o
 .bss.received_seqnos
                0x0000000020001fa0       0x90 obj_cc2538dk/mac-sequence.o
 .bss.packet_memb_memb_count
                0x0000000020002030        0x8 obj_cc2538dk/csma.o
 .bss.initialized.6204
                0x0000000020002038        0x1 obj_cc2538dk/csma.o
 .bss.metadata_memb_memb_count
                0x0000000020002039        0x8 obj_cc2538dk/csma.o
 .bss.neighbor_memb_memb_count
                0x0000000020002041        0x2 obj_cc2538dk/csma.o
 .bss.mac_dsn   0x0000000020002043        0x1 obj_cc2538dk/framer-802154.o
 .bss.initialized
                0x0000000020002044        0x1 obj_cc2538dk/framer-802154.o
 .bss.radio_is_on
                0x0000000020002045        0x1 obj_cc2538dk/contikimac.o
 .bss.we_are_sending
                0x0000000020002046        0x1 obj_cc2538dk/contikimac.o
 .bss.contikimac_keep_radio_on
                0x0000000020002047        0x1 obj_cc2538dk/contikimac.o
 .bss.count.6950
                0x0000000020002048        0x1 obj_cc2538dk/contikimac.o
 .bss.packet_seen.6949
                0x0000000020002049        0x1 obj_cc2538dk/contikimac.o
 .bss.periods.6957
                0x000000002000204a        0x1 obj_cc2538dk/contikimac.o
 .bss.contikimac_is_on
                0x000000002000204b        0x1 obj_cc2538dk/contikimac.o
 .bss.silence_periods.6956
                0x000000002000204c        0x1 obj_cc2538dk/contikimac.o
 *(SORT(COMMON))
 *fill*         0x000000002000204d        0x3 
 COMMON         0x0000000020002050      0x174 obj_cc2538dk/uip-ds6.o
                0x0000000020002050                uip_ds6_timer_ra
                0x0000000020002058                uip_ds6_if
                0x0000000020002150                uip_ds6_netif_addr_list_offset
                0x0000000020002151                uip_ds6_addr_size
                0x0000000020002154                uip_ds6_prefix_list
                0x00000000200021b4                uip_ds6_timer_periodic
 COMMON         0x00000000200021c4      0x878 obj_cc2538dk/uip6.o
                0x00000000200021c4                uip_len
                0x00000000200021c8                uip_sappdata
                0x00000000200021cc                uip_acc32
                0x00000000200021d0                uip_lladdr
                0x00000000200021d8                uip_aligned_buf
                0x00000000200026ec                uip_flags
                0x00000000200026f0                uip_next_hdr
                0x00000000200026f4                uip_udp_conn
                0x00000000200026f8                uip_appdata
                0x00000000200026fc                uip_conn
                0x0000000020002700                uip_conns
                0x00000000200028e0                uip_icmp6_conns
                0x00000000200028e8                uip_listenports
                0x00000000200028f8                uip_slen
                0x00000000200028fc                uip_udp_conns
 COMMON         0x0000000020002a3c      0x154 obj_cc2538dk/rpl-dag.o
                0x0000000020002a3c                default_instance
                0x0000000020002a40                instance_table
 COMMON         0x0000000020002b90       0x2e obj_cc2538dk/packetbuf.o
                0x0000000020002b90                packetbuf_addrs
                0x0000000020002ba0                packetbuf_attrs
 COMMON         0x0000000020002bbe        0x1 obj_cc2538dk/sensors.o
                0x0000000020002bbe                sensors_event
 COMMON         0x0000000020002bbf        0x9 obj_cc2538dk/smartrf-sensors.o
                0x0000000020002bbf                sensors_flags
 COMMON         0x0000000020002bc8        0x1 obj_cc2538dk/serial-line.o
                0x0000000020002bc8                serial_line_event_message
 COMMON         0x0000000020002bc9        0x2 obj_cc2538dk/tcpip.o
                0x0000000020002bc9                tcpip_event
                0x0000000020002bca                tcpip_icmp6_event
 COMMON         0x0000000020002bcb        0x8 obj_cc2538dk/linkaddr.o
                0x0000000020002bcb                linkaddr_node_addr
                0x0000000020002bd3                _ebss = .

.stack          0x0000000020002bd8      0x800
 *(SORT(.stack))
 .stack         0x0000000020002bd8      0x800 obj_cc2538dk/startup-gcc.o
                0x00000000200033d8                _heap = .
                0x0000000020008000                _eheap = (ORIGIN (FRSRAM) + 0x8000)

.nrdata         0x0000000020000000        0x0
                0x0000000020000000                _nrdata = .
 *(SORT(.nrdata*))
                0x0000000020000000                _enrdata = .

.flashcca       0x000000000027ffd4       0x2c
 *(SORT(.flashcca))
 .flashcca      0x000000000027ffd4       0x2c obj_cc2538dk/startup-gcc.o
                0x000000000027ffd4                flash_cca_lock_page
OUTPUT(robot_driver.elf elf32-littlearm)

.rel.dyn        0x0000000000280000        0x0
 .rel.iplt      0x0000000000280000        0x0 obj_cc2538dk/startup-gcc.o

.comment        0x0000000000000000       0x58
 .comment       0x0000000000000000       0x38 obj_cc2538dk/startup-gcc.o
                                         0x39 (size before relaxing)
 .comment       0x0000000000000038       0x39 obj_cc2538dk/leds.o
 .comment       0x0000000000000038       0x39 obj_cc2538dk/leds-arch.o
 .comment       0x0000000000000038       0x39 obj_cc2538dk/contiki-main.o
 .comment       0x0000000000000038       0x39 obj_cc2538dk/sensors.o
 .comment       0x0000000000000038       0x39 obj_cc2538dk/smartrf-sensors.o
 .comment       0x0000000000000038       0x39 obj_cc2538dk/button-sensor.o
 .comment       0x0000000000000038       0x39 obj_cc2538dk/als-sensor.o
 .comment       0x0000000000000038       0x39 obj_cc2538dk/clock.o
 .comment       0x0000000000000038       0x39 obj_cc2538dk/rtimer-arch.o
 .comment       0x0000000000000038       0x39 obj_cc2538dk/uart.o
 .comment       0x0000000000000038       0x39 obj_cc2538dk/watchdog.o
 .comment       0x0000000000000038       0x39 obj_cc2538dk/nvic.o
 .comment       0x0000000000000038       0x39 obj_cc2538dk/cpu.o
 .comment       0x0000000000000038       0x39 obj_cc2538dk/sys-ctrl.o
 .comment       0x0000000000000038       0x39 obj_cc2538dk/gpio.o
 .comment       0x0000000000000038       0x39 obj_cc2538dk/ioc.o
 .comment       0x0000000000000038       0x39 obj_cc2538dk/adc.o
 .comment       0x0000000000000038       0x39 obj_cc2538dk/crypto.o
 .comment       0x0000000000000038       0x39 obj_cc2538dk/cc2538-rf.o
 .comment       0x0000000000000038       0x39 obj_cc2538dk/udma.o
 .comment       0x0000000000000038       0x39 obj_cc2538dk/lpm.o
 .comment       0x0000000000000038       0x39 obj_cc2538dk/pka.o
 .comment       0x0000000000000038       0x39 obj_cc2538dk/dbg.o
 .comment       0x0000000000000038       0x39 obj_cc2538dk/ieee-addr.o
 .comment       0x0000000000000038       0x39 obj_cc2538dk/cc2538-temp-sensor.o
 .comment       0x0000000000000038       0x39 obj_cc2538dk/vdd3-sensor.o
 .comment       0x0000000000000038       0x39 obj_cc2538dk/pwm.o
 .comment       0x0000000000000038       0x39 obj_cc2538dk/dbg-printf.o
 .comment       0x0000000000000038       0x39 obj_cc2538dk/strformat.o
 .comment       0x0000000000000038       0x39 obj_cc2538dk/ctimer.o
 .comment       0x0000000000000038       0x39 obj_cc2538dk/autostart.o
 .comment       0x0000000000000038       0x39 obj_cc2538dk/energest.o
 .comment       0x0000000000000038       0x39 obj_cc2538dk/etimer.o
 .comment       0x0000000000000038       0x39 obj_cc2538dk/stimer.o
 .comment       0x0000000000000038       0x39 obj_cc2538dk/process.o
 .comment       0x0000000000000038       0x39 obj_cc2538dk/rtimer.o
 .comment       0x0000000000000038       0x39 obj_cc2538dk/timer.o
 .comment       0x0000000000000038       0x39 obj_cc2538dk/serial-line.o
 .comment       0x0000000000000038       0x39 obj_cc2538dk/list.o
 .comment       0x0000000000000038       0x39 obj_cc2538dk/memb.o
 .comment       0x0000000000000038       0x39 obj_cc2538dk/random.o
 .comment       0x0000000000000038       0x39 obj_cc2538dk/ringbuf.o
 .comment       0x0000000000000038       0x39 obj_cc2538dk/uip-icmp6.o
 .comment       0x0000000000000038       0x39 obj_cc2538dk/uip-ds6.o
 .comment       0x0000000000000038       0x39 obj_cc2538dk/uip-ds6-route.o
 .comment       0x0000000000000038       0x39 obj_cc2538dk/uip6.o
 .comment       0x0000000000000038       0x39 obj_cc2538dk/uip-ds6-nbr.o
 .comment       0x0000000000000038       0x39 obj_cc2538dk/uip-nd6.o
 .comment       0x0000000000000038       0x39 obj_cc2538dk/sicslowpan.o
 .comment       0x0000000000000038       0x39 obj_cc2538dk/tcpip.o